imputed corpus-clean.previous_usage_ms: 12.5000%
imputed corpus-clean.previous_input_tokens: 12.5000%
quota_error=6.148559106192678e+19,cache_error=0.9662800129828917,quota_r2=-1.0404617192689605e+41
quota_error=6.0827504382683636e+19,cache_error=0.9662800129828905,quota_r2=-1.0148349870184956e+41
quota_error=6.151338083942353e+19,cache_error=0.9662800129828913,quota_r2=-1.0368618540975122e+41
quota_error=7.889980162105274e+19,cache_error=0.9662800129828929,quota_r2=-1.7088909670941197e+41
quota_error=6.123798681174636e+19,cache_error=0.9662800129828923,quota_r2=-1.03418305339989e+41
quota_error=6.157694517383789e+19,cache_error=0.9662800129828917,quota_r2=-1.0696994864987108e+41
quota_error=6.170107436436831e+19,cache_error=0.9662800129828916,quota_r2=-1.0533819860327166e+41
quota_error=6.138926063421194e+19,cache_error=0.9662800129828907,quota_r2=-1.0418766595390248e+41
quota_error=6.158302115470155e+19,cache_error=0.9662800129828923,quota_r2=-1.0663775582229061e+41
quota_error=6.154176859070936e+19,cache_error=0.9662800129828912,quota_r2=-1.0658388958219809e+41
quota_error=6.129746817372827e+19,cache_error=0.9662800129828937,quota_r2=-1.0316522163519279e+41
quota_error=7.874779335659056e+19,cache_error=0.9662800129828928,quota_r2=-1.7081337693370514e+41
quota_error=6.166344791092551e+19,cache_error=0.9662800129828923,quota_r2=-1.0486554283886109e+41
quota_error=6.136439043984211e+19,cache_error=0.9662800129828937,quota_r2=-1.0380922745220674e+41
quota_error=6.1609540457276375e+19,cache_error=0.9662800129828915,quota_r2=-1.0485569448819495e+41
quota_error=6.130646927725523e+19,cache_error=0.9662800129828923,quota_r2=-1.0342624989223445e+41
quota_error=6.1206509599940805e+19,cache_error=0.9662800129828928,quota_r2=-1.0331521611087119e+41
quota_error=6.141160526642116e+19,cache_error=0.966280012982891,quota_r2=-1.0371574117657352e+41
quota_error=6.152206942035237e+19,cache_error=0.9662800129828909,quota_r2=-1.0427848235851314e+41
quota_error=7.92481210161158e+19,cache_error=0.9662800129828923,quota_r2=-1.7414713976572773e+41
quota_error=6.143334153621366e+19,cache_error=0.9662800129828907,quota_r2=-1.039583018985728e+41
quota_error=6.1469391485749764e+19,cache_error=0.9662800129828915,quota_r2=-1.0413997040151584e+41
quota_error=6.17899595929771e+19,cache_error=0.9662800129828909,quota_r2=-1.0731979472817711e+41
quota_error=6.158628183156705e+19,cache_error=0.966280012982892,quota_r2=-1.0477687452710053e+41
quota_error=6.132847835076954e+19,cache_error=0.9662800129828911,quota_r2=-1.0374481455877809e+41
quota_error=6.1505353424508445e+19,cache_error=0.9662800129828919,quota_r2=-1.040684258984951e+41
quota_error=6.165260420714838e+19,cache_error=0.9662800129828912,quota_r2=-1.0561725370715189e+41
quota_error=7.888676373300865e+19,cache_error=0.9662800129828917,quota_r2=-1.7158310105366108e+41
quota_error=6.132682556267805e+19,cache_error=0.9662800129828929,quota_r2=-1.0335143398810757e+41
quota_error=6.1356541071210275e+19,cache_error=0.9662800129828917,quota_r2=-1.0322713945577913e+41
quota_error=6.1158892647936926e+19,cache_error=0.9662800129828923,quota_r2=-1.0192333001590272e+41
quota_error=6.144626579639801e+19,cache_error=0.9662800129828909,quota_r2=-1.0430882254246849e+41
quota_error=6.137782773026374e+19,cache_error=0.9662800129828907,quota_r2=-1.035194140035322e+41
quota_error=6.135795212987167e+19,cache_error=0.9662800129828891,quota_r2=-1.0351621860975323e+41
quota_error=6.1647518903401005e+19,cache_error=0.9662800129828911,quota_r2=-1.067630126683613e+41
quota_error=7.866951229741682e+19,cache_error=0.9662800129828923,quota_r2=-1.6941058112146667e+41
quota_error=6.156513744193768e+19,cache_error=0.9662800129828931,quota_r2=-1.0368986108854133e+41
quota_error=6.1473699543623156e+19,cache_error=0.9662800129828926,quota_r2=-1.0662455074974403e+41
quota_error=6.125923628008949e+19,cache_error=0.9662800129828917,quota_r2=-1.029112483146283e+41
quota_error=6.162322555213279e+19,cache_error=0.9662800129828932,quota_r2=-1.0505488512274364e+41
quota_error=6.185650750124157e+19,cache_error=0.9662800129828915,quota_r2=-1.0905338292793524e+41
quota_error=6.156839335556731e+19,cache_error=0.9662800129828927,quota_r2=-1.0610815147240602e+41
quota_error=6.11863629436638e+19,cache_error=0.9662800129828921,quota_r2=-1.031203768172617e+41
quota_error=7.908985276455299e+19,cache_error=0.9662800129828927,quota_r2=-1.725358617715343e+41
quota_error=6.1277953867721196e+19,cache_error=0.9662800129828912,quota_r2=-1.0325634983309364e+41
quota_error=6.17260336704954e+19,cache_error=0.9662800129828909,quota_r2=-1.0773104534551624e+41
quota_error=6.168667320162032e+19,cache_error=0.9662800129828915,quota_r2=-1.0730940109386957e+41
quota_error=6.143517656401579e+19,cache_error=0.966280012982893,quota_r2=-1.0435310618363206e+41
quota_error=6.172128219324994e+19,cache_error=0.966280012982892,quota_r2=-1.0568766025390118e+41
quota_error=6.172594071053211e+19,cache_error=0.9662800129828923,quota_r2=-1.0510819180724663e+41
quota_error=6.120925812077284e+19,cache_error=0.966280012982892,quota_r2=-1.0316591664148023e+41
quota_error=7.872936486885592e+19,cache_error=0.9662800129828915,quota_r2=-1.6971539652311013e+41
quota_error=6.152273533266469e+19,cache_error=0.9662800129828917,quota_r2=-1.0458832458612065e+41
quota_error=6.1501508066541896e+19,cache_error=0.9662800129828937,quota_r2=-1.0415917739758224e+41
quota_error=6.127402362114945e+19,cache_error=0.9662800129828906,quota_r2=-1.0336054917080503e+41
quota_error=6.112249160656091e+19,cache_error=0.9662800129828915,quota_r2=-1.0266009367233778e+41
quota_error=6.163438331847936e+19,cache_error=0.9662800129828907,quota_r2=-1.0580295830634748e+41
quota_error=6.155370351242051e+19,cache_error=0.9662800129828928,quota_r2=-1.03938171838597e+41
quota_error=6.1475011306813915e+19,cache_error=0.9662800129828909,quota_r2=-1.0638008595769523e+41
quota_error=7.854904779265547e+19,cache_error=0.9662800129828918,quota_r2=-1.6935344530441853e+41
quota_error=6.124998650255692e+19,cache_error=0.966280012982891,quota_r2=-1.028764573809735e+41
quota_error=6.133741300602547e+19,cache_error=0.9662800129828923,quota_r2=-1.0406464359301802e+41
quota_error=6.1592337456422625e+19,cache_error=0.9662800129828929,quota_r2=-1.0657941127168803e+41
quota_error=6.134322653837825e+19,cache_error=0.9662800129828945,quota_r2=-1.0451147438796878e+41
quota_error=6.133395370626278e+19,cache_error=0.9662800129828927,quota_r2=-1.0329877077085588e+41
quota_error=6.151773570907607e+19,cache_error=0.9662800129828925,quota_r2=-1.045699674037701e+41
quota_error=6.121637445480974e+19,cache_error=0.9662800129828922,quota_r2=-1.0314115135600203e+41
quota_error=7.890371466032038e+19,cache_error=0.9662800129828923,quota_r2=-1.7159682213634363e+41
quota_error=6.10617181242309e+19,cache_error=0.9662800129828919,quota_r2=-1.0236730096332223e+41
quota_error=6.14349077587768e+19,cache_error=0.9662800129828923,quota_r2=-1.0578866145366756e+41
quota_error=6.162534613647672e+19,cache_error=0.966280012982892,quota_r2=-1.0703746959893634e+41
quota_error=6.12511041353908e+19,cache_error=0.9662800129828909,quota_r2=-1.0377719993316965e+41
quota_error=6.1318087112914395e+19,cache_error=0.9662800129828931,quota_r2=-1.0576376360436912e+41
quota_error=6.1032151663068905e+19,cache_error=0.9662800129828928,quota_r2=-1.0225091119239511e+41
quota_error=6.146009295340212e+19,cache_error=0.9662800129828909,quota_r2=-1.040948484219143e+41
quota_error=7.936633317841776e+19,cache_error=0.9662800129828926,quota_r2=-1.733263363167003e+41
quota_error=6.136278151001037e+19,cache_error=0.9662800129828927,quota_r2=-1.0411931754516977e+41
quota_error=6.141255212538882e+19,cache_error=0.9662800129828912,quota_r2=-1.0366743822857416e+41
quota_error=6.145519693182382e+19,cache_error=0.966280012982892,quota_r2=-1.040939643996542e+41
quota_error=6.158690222075337e+19,cache_error=0.966280012982892,quota_r2=-1.051786758220303e+41
quota_error=6.166753943123303e+19,cache_error=0.9662800129828919,quota_r2=-1.0518824087424756e+41
quota_error=6.147556077167588e+19,cache_error=0.9662800129828928,quota_r2=-1.0426641270815027e+41
quota_error=6.160189400155077e+19,cache_error=0.9662800129828908,quota_r2=-1.0655369536620736e+41
quota_error=7.91274955743489e+19,cache_error=0.9662800129828925,quota_r2=-1.7342384407556414e+41
quota_error=6.114121931806918e+19,cache_error=0.9662800129828926,quota_r2=-1.0298716119291328e+41
quota_error=6.152572582513226e+19,cache_error=0.9662800129828926,quota_r2=-1.0459816425202326e+41
quota_error=6.147013893865257e+19,cache_error=0.9662800129828915,quota_r2=-1.0473213686073372e+41
quota_error=6.10343893591055e+19,cache_error=0.9662800129828917,quota_r2=-1.0231876175493117e+41
quota_error=6.128202395275597e+19,cache_error=0.9662800129828928,quota_r2=-1.033304567288794e+41
quota_error=6.149685743914683e+19,cache_error=0.9662800129828937,quota_r2=-1.0354992214546883e+41
quota_error=6.153170502767847e+19,cache_error=0.9662800129828925,quota_r2=-1.0444631741755815e+41
quota_error=7.901154179916926e+19,cache_error=0.9662800129828911,quota_r2=-1.7201699755065373e+41
quota_error=6.146049896888327e+19,cache_error=0.966280012982892,quota_r2=-1.0440658528919263e+41
quota_error=6.12794984042785e+19,cache_error=0.9662800129828928,quota_r2=-1.0280918186741295e+41
quota_error=6.136104551800872e+19,cache_error=0.9662800129828915,quota_r2=-1.0372951855159027e+41
quota_error=6.170714335043136e+19,cache_error=0.9662800129828927,quota_r2=-1.0762511364355844e+41
quota_error=6.162670513637364e+19,cache_error=0.9662800129828909,quota_r2=-1.043936765296206e+41
quota_error=6.164661024406061e+19,cache_error=0.966280012982893,quota_r2=-1.0487340901663453e+41
quota_error=6.140301553311313e+19,cache_error=0.9662800129828909,quota_r2=-1.0389960095680512e+41
quota_error=7.904455619786544e+19,cache_error=0.966280012982892,quota_r2=-1.7211675466164142e+41
quota_error=6.124036942994511e+19,cache_error=0.9662800129828918,quota_r2=-1.0346746018031005e+41
quota_error=6.1797794767704015e+19,cache_error=0.9662800129828928,quota_r2=-1.0776400077727726e+41
quota_error=6.146082910460873e+19,cache_error=0.9662800129828911,quota_r2=-1.068953818803606e+41
quota_error=6.125509040206014e+19,cache_error=0.9662800129828908,quota_r2=-1.03004062647136e+41
quota_error=6.133328429943757e+19,cache_error=0.966280012982892,quota_r2=-1.032523674278134e+41
quota_error=6.170895204539511e+19,cache_error=0.9662800129828912,quota_r2=-1.0532016125359176e+41
quota_error=6.140708545878574e+19,cache_error=0.9662800129828909,quota_r2=-1.0360597847072793e+41
quota_error=7.900030002759847e+19,cache_error=0.9662800129828928,quota_r2=-1.714901527588256e+41
quota_error=6.162954105115931e+19,cache_error=0.9662800129828946,quota_r2=-1.0500316767094947e+41
quota_error=6.179722155111263e+19,cache_error=0.9662800129828917,quota_r2=-1.0524330838453447e+41
quota_error=6.111141749386752e+19,cache_error=0.9662800129828917,quota_r2=-1.0282613701481322e+41
quota_error=6.12307371957788e+19,cache_error=0.9662800129828908,quota_r2=-1.0327098017532955e+41
quota_error=6.136144196774741e+19,cache_error=0.9662800129828911,quota_r2=-1.034917259048234e+41
quota_error=6.129147486981995e+19,cache_error=0.9662800129828911,quota_r2=-1.0304455353896966e+41
quota_error=6.1513143747821584e+19,cache_error=0.9662800129828916,quota_r2=-1.0472431657864632e+41
quota_error=7.8537261186749e+19,cache_error=0.9662800129828933,quota_r2=-1.7335318193875426e+41
quota_error=6.136947019731264e+19,cache_error=0.966280012982893,quota_r2=-1.0378372367015015e+41
quota_error=6.151195344174976e+19,cache_error=0.9662800129828932,quota_r2=-1.0417519880970406e+41
quota_error=6.133448155760984e+19,cache_error=0.9662800129828932,quota_r2=-1.036052661680812e+41
quota_error=6.150398683235926e+19,cache_error=0.9662800129828931,quota_r2=-1.047882542069346e+41
quota_error=6.144053365687482e+19,cache_error=0.9662800129828936,quota_r2=-1.042578917759434e+41
quota_error=6.1438539223344865e+19,cache_error=0.9662800129828928,quota_r2=-1.0332956399518506e+41
quota_error=6.1341650212233085e+19,cache_error=0.9662800129828928,quota_r2=-1.0346864177307585e+41
quota_error=7.864943754285995e+19,cache_error=0.9662800129828937,quota_r2=-1.6995028805625208e+41
quota_error=6.1523818645647835e+19,cache_error=0.9662800129828922,quota_r2=-1.042529999949984e+41
quota_error=6.1703506691253666e+19,cache_error=0.9662800129828921,quota_r2=-1.0515392573155528e+41
quota_error=6.144142918063379e+19,cache_error=0.9662800129828933,quota_r2=-1.0449974523401317e+41
quota_error=6.144079007820464e+19,cache_error=0.966280012982892,quota_r2=-1.0468678383976234e+41
quota_error=6.160896478130869e+19,cache_error=0.9662800129828911,quota_r2=-1.051286066933021e+41
quota_error=6.156187100656246e+19,cache_error=0.9662800129828926,quota_r2=-1.068999238941753e+41
quota_error=6.1559199412891255e+19,cache_error=0.9662800129828919,quota_r2=-1.0662908426459082e+41
quota_error=7.88088812509854e+19,cache_error=0.9662800129828926,quota_r2=-1.7189671071988902e+41
quota_error=6.159307238912734e+19,cache_error=0.9662800129828927,quota_r2=-1.051791713058155e+41
quota_error=6.144887843117577e+19,cache_error=0.9662800129828918,quota_r2=-1.0425728316664293e+41
quota_error=6.156009264920238e+19,cache_error=0.9662800129828918,quota_r2=-1.0443238994100046e+41
quota_error=6.137066287602134e+19,cache_error=0.9662800129828926,quota_r2=-1.0365557389930537e+41
quota_error=6.182769393068759e+19,cache_error=0.9662800129828917,quota_r2=-1.0770705625940371e+41
quota_error=6.153189369165743e+19,cache_error=0.9662800129828907,quota_r2=-1.0471418930381773e+41
quota_error=6.138588104819115e+19,cache_error=0.9662800129828926,quota_r2=-1.040087186316131e+41
quota_error=7.805146264469157e+19,cache_error=0.966280012982893,quota_r2=-1.6707576027937651e+41
quota_error=6.130068908350799e+19,cache_error=0.9662800129828931,quota_r2=-1.0402539944951495e+41
quota_error=6.1209822102809444e+19,cache_error=0.9662800129828928,quota_r2=-1.0300280787238404e+41
quota_error=6.1514431187802554e+19,cache_error=0.9662800129828926,quota_r2=-1.0540146539598681e+41
quota_error=6.143983520873155e+19,cache_error=0.9662800129828913,quota_r2=-1.0411764549100668e+41
quota_error=6.172473900663067e+19,cache_error=0.9662800129828929,quota_r2=-1.049233591572787e+41
quota_error=6.132475160537613e+19,cache_error=0.9662800129828902,quota_r2=-1.0324911479886786e+41
quota_error=6.1576870113688764e+19,cache_error=0.9662800129828923,quota_r2=-1.050465199226156e+41
quota_error=7.920883722766152e+19,cache_error=0.9662800129828911,quota_r2=-1.7365603409882528e+41
quota_error=6.159242809561493e+19,cache_error=0.9662800129828917,quota_r2=-1.050343830007659e+41
quota_error=6.115483452244759e+19,cache_error=0.9662800129828923,quota_r2=-1.020865892395949e+41
quota_error=6.170682937937353e+19,cache_error=0.9662800129828935,quota_r2=-1.05064541631316e+41
quota_error=6.1572962135388004e+19,cache_error=0.9662800129828939,quota_r2=-1.0480967545915377e+41
quota_error=6.132370333773407e+19,cache_error=0.966280012982892,quota_r2=-1.0312432406079862e+41
quota_error=6.123673818769421e+19,cache_error=0.9662800129828928,quota_r2=-1.0308211346996053e+41
quota_error=6.127493168377632e+19,cache_error=0.9662800129828929,quota_r2=-1.0384502882776158e+41
quota_error=7.854398258381945e+19,cache_error=0.9662800129828932,quota_r2=-1.6916136123999028e+41
quota_error=6.134962522234318e+19,cache_error=0.9662800129828938,quota_r2=-1.034698626501311e+41
quota_error=6.146596992701736e+19,cache_error=0.9662800129828923,quota_r2=-1.0414365323127744e+41
quota_error=6.1352695041575444e+19,cache_error=0.966280012982891,quota_r2=-1.034499797089593e+41
quota_error=6.137690217873638e+19,cache_error=0.9662800129828915,quota_r2=-1.0384882982118325e+41
quota_error=6.103850320285034e+19,cache_error=0.9662800129828923,quota_r2=-1.0222088019098906e+41
quota_error=6.15706962975078e+19,cache_error=0.9662800129828928,quota_r2=-1.0448815390328713e+41
quota_error=6.161810839080562e+19,cache_error=0.9662800129828923,quota_r2=-1.0520767691818442e+41
quota_error=7.900491555805523e+19,cache_error=0.9662800129828911,quota_r2=-1.7215833201424646e+41
quota_error=6.138028032190453e+19,cache_error=0.9662800129828921,quota_r2=-1.0571942863695627e+41
quota_error=6.1245844243586064e+19,cache_error=0.9662800129828911,quota_r2=-1.030317492553405e+41
quota_error=6.124135345526398e+19,cache_error=0.966280012982891,quota_r2=-1.034152658469273e+41
quota_error=6.171638491128241e+19,cache_error=0.9662800129828926,quota_r2=-1.0570573891688219e+41
quota_error=6.083239308829461e+19,cache_error=0.9662800129828903,quota_r2=-1.0150355624997125e+41
quota_error=6.125157802358542e+19,cache_error=0.9662800129828928,quota_r2=-1.0339068705536744e+41
quota_error=6.133858292495831e+19,cache_error=0.9662800129828911,quota_r2=-1.040202241498393e+41
quota_error=7.897462160182364e+19,cache_error=0.9662800129828911,quota_r2=-1.7269252295424027e+41
quota_error=6.16683983170549e+19,cache_error=0.9662800129828922,quota_r2=-1.0497363752354368e+41
quota_error=6.154401568593436e+19,cache_error=0.9662800129828915,quota_r2=-1.0433927812453816e+41
quota_error=6.15293309828163e+19,cache_error=0.9662800129828916,quota_r2=-1.0454691064514893e+41
quota_error=6.1614102620943794e+19,cache_error=0.9662800129828916,quota_r2=-1.0655370942869192e+41
quota_error=6.145571221354955e+19,cache_error=0.966280012982892,quota_r2=-1.0406555455197552e+41
quota_error=6.154820855297799e+19,cache_error=0.966280012982892,quota_r2=-1.0430525743043512e+41
quota_error=6.1630583289811706e+19,cache_error=0.9662800129828911,quota_r2=-1.052695327522879e+41
quota_error=7.900091733812429e+19,cache_error=0.9662800129828909,quota_r2=-1.7232451850977874e+41
quota_error=6.10280692924721e+19,cache_error=0.9662800129828928,quota_r2=-1.020853659879803e+41
quota_error=6.156532652106281e+19,cache_error=0.9662800129828917,quota_r2=-1.0658098968394462e+41
quota_error=6.127898958870817e+19,cache_error=0.966280012982892,quota_r2=-1.0317114747248268e+41
quota_error=6.0602346122931044e+19,cache_error=0.9662800129828912,quota_r2=-1.0116686068456615e+41
quota_error=6.157138419597761e+19,cache_error=0.966280012982893,quota_r2=-1.0382568853213087e+41
quota_error=6.1374906060933186e+19,cache_error=0.9662800129828923,quota_r2=-1.039798012692387e+41
quota_error=6.138238135193204e+19,cache_error=0.9662800129828913,quota_r2=-1.0385562133919946e+41
quota_error=7.902748099864914e+19,cache_error=0.966280012982892,quota_r2=-1.7655980499140446e+41
quota_error=6.095118525935083e+19,cache_error=0.9662800129828918,quota_r2=-1.0173956381062625e+41
quota_error=6.143501145875169e+19,cache_error=0.966280012982891,quota_r2=-1.0465524763699273e+41
quota_error=6.1420317290809385e+19,cache_error=0.9662800129828936,quota_r2=-1.0395360890704052e+41
quota_error=6.131415708399429e+19,cache_error=0.966280012982892,quota_r2=-1.0604468034525638e+41
quota_error=6.123674552871265e+19,cache_error=0.966280012982892,quota_r2=-1.0371484753416653e+41
quota_error=6.151869046732269e+19,cache_error=0.9662800129828917,quota_r2=-1.0439000807554877e+41
quota_error=6.158611376285422e+19,cache_error=0.966280012982892,quota_r2=-1.0490462675426011e+41
quota_error=7.857714513592331e+19,cache_error=0.966280012982891,quota_r2=-1.6999975065540155e+41
quota_error=6.14188645315224e+19,cache_error=0.9662800129828923,quota_r2=-1.0362297270027105e+41
quota_error=6.124885375887539e+19,cache_error=0.96628001298289,quota_r2=-1.0261822872502516e+41
quota_error=6.1889919412257145e+19,cache_error=0.966280012982892,quota_r2=-1.0828994701091259e+41
quota_error=6.138417066822212e+19,cache_error=0.9662800129828932,quota_r2=-1.0374015539683618e+41
quota_error=2.002260754522427e+17,cache_error=0.9662800129828919,quota_r2=-1.1227427554230901e+36
quota_error=2.0113326820724285e+17,cache_error=0.9662800129828911,quota_r2=-1.155701641170327e+36
quota_error=2.0013498416160934e+17,cache_error=0.9662800129828915,quota_r2=-1.1054635070795741e+36
quota_error=9.548443506085511e+18,cache_error=0.966280012982892,quota_r2=-2.538948362197567e+39
quota_error=2.0002130078405578e+17,cache_error=0.9662800129828915,quota_r2=-1.1286116470819307e+36
quota_error=2.0098890221721997e+17,cache_error=0.966280012982893,quota_r2=-1.1439028015574681e+36
quota_error=2.0019173701997718e+17,cache_error=0.9662800129828923,quota_r2=-1.1145398027587202e+36
quota_error=2.0100717073894237e+17,cache_error=0.9662800129828916,quota_r2=-1.1187070790885095e+36
quota_error=2.010951970460025e+17,cache_error=0.9662800129828902,quota_r2=-1.1309087658444978e+36
quota_error=1.996931385485162e+17,cache_error=0.9662800129828937,quota_r2=-1.1033697951007996e+36
quota_error=2.0013157592743485e+17,cache_error=0.9662800129828921,quota_r2=-1.1154617323308381e+36
quota_error=9.559555428871014e+18,cache_error=0.9662800129828919,quota_r2=-2.5468719130412982e+39
quota_error=2.0024901922245984e+17,cache_error=0.9662800129828915,quota_r2=-1.1109685776328222e+36
quota_error=2.0067074151142e+17,cache_error=0.9662800129828919,quota_r2=-1.1197284856421874e+36
quota_error=2.0040616946788682e+17,cache_error=0.9662800129828912,quota_r2=-1.1130583937847022e+36
quota_error=2.0023140272363328e+17,cache_error=0.9662800129828909,quota_r2=-1.1132166953596741e+36
quota_error=2.012806360402362e+17,cache_error=0.9662800129828922,quota_r2=-1.1501876840663875e+36
quota_error=1.999780328623189e+17,cache_error=0.9662800129828918,quota_r2=-1.1023087870275108e+36
quota_error=2.0034407128860086e+17,cache_error=0.966280012982892,quota_r2=-1.115537222136392e+36
quota_error=9.524681391148618e+18,cache_error=0.9662800129828918,quota_r2=-2.5149624212003006e+39
quota_error=2.003791464117601e+17,cache_error=0.9662800129828922,quota_r2=-1.1279614709890944e+36
quota_error=2.0041102250468195e+17,cache_error=0.9662800129828926,quota_r2=-1.1209840653023838e+36
quota_error=2.00128396390059e+17,cache_error=0.9662800129828906,quota_r2=-1.1165828584576756e+36
quota_error=2.0028668166346346e+17,cache_error=0.9662800129828912,quota_r2=-1.115092129619939e+36
run [38;2;242;40;60m1[0m  time [38;2;255;194;0m  5.3028 s[0m  epoch [38;2;135;90;251m 1[0m  r2 [38;2;39;125;255m 0.0000[0m  mse [38;2;0;174;107m1.0000[0m  tile [38;2;135;90;251mreward 0.000000000[0m
quota_error=2.519806196077311e+19,cache_error=0.17936113604472542,quota_r2=-8.829477271588987e+39
quota_error=2.4934999880673395e+19,cache_error=0.18003882685505643,quota_r2=-8.557041308290053e+39
quota_error=2.512959073045615e+19,cache_error=0.1795930265663109,quota_r2=-8.767971793073456e+39
quota_error=4.748429988520984e+16,cache_error=0.9662800129828908,quota_r2=-6.256060848690207e+34
quota_error=2.5083226367730524e+19,cache_error=0.1794829461822529,quota_r2=-8.721133495968074e+39
quota_error=2.5276117050680857e+19,cache_error=0.17911214377617213,quota_r2=-8.866293230089531e+39
quota_error=2.5059736908879507e+19,cache_error=0.18009403100414373,quota_r2=-8.834845994061052e+39
quota_error=2.5009520085804573e+19,cache_error=0.17991700210611328,quota_r2=-8.65481650733722e+39
quota_error=2.494111813778948e+19,cache_error=0.17997658654672757,quota_r2=-8.562856325844042e+39
quota_error=2.5062711828045857e+19,cache_error=0.17938960051772818,quota_r2=-8.593799850657226e+39
quota_error=2.5000496330625933e+19,cache_error=0.17990244262510796,quota_r2=-8.781577408530098e+39
quota_error=4.75537856271125e+16,cache_error=0.9662800129828923,quota_r2=-6.2775951778406045e+34
quota_error=2.513532498709897e+19,cache_error=0.17926848666913225,quota_r2=-8.711032479350031e+39
quota_error=2.51875150741808e+19,cache_error=0.17963766124692887,quota_r2=-8.783604233209713e+39
quota_error=2.519591340415553e+19,cache_error=0.17927258181142303,quota_r2=-8.989532932946501e+39
quota_error=2.509208113239743e+19,cache_error=0.17933387405894227,quota_r2=-8.736088843406204e+39
quota_error=2.5210237096180646e+19,cache_error=0.1793131775404744,quota_r2=-8.84132597133042e+39
quota_error=2.5125723415228563e+19,cache_error=0.1793889440997907,quota_r2=-8.733386213537503e+39
quota_error=2.509777408701786e+19,cache_error=0.17936900530051755,quota_r2=-8.750301693665679e+39
quota_error=4.756176693614545e+16,cache_error=0.966280012982892,quota_r2=-6.298701894754952e+34
quota_error=2.510714381285985e+19,cache_error=0.17986865049265185,quota_r2=-8.775364213015507e+39
quota_error=2.525246438608921e+19,cache_error=0.17933718525820766,quota_r2=-8.979029829859854e+39
quota_error=2.5090083976303563e+19,cache_error=0.17928083066026063,quota_r2=-8.63570431434058e+39
quota_error=2.519212006080726e+19,cache_error=0.1793968352946989,quota_r2=-8.768196378036817e+39
run [38;2;242;40;60m1[0m  time [38;2;255;194;0m  5.3344 s[0m  epoch [38;2;135;90;251m 2[0m  r2 [38;2;39;125;255m 0.0000[0m  mse [38;2;0;174;107m1.0000[0m  tile [38;2;135;90;251mreward 0.000000000[0m
quota_error=6.752823290801909e+18,cache_error=0.17959283863285957,quota_r2=-5.895827696505574e+38
quota_error=6.809179462435458e+18,cache_error=0.17926397597723623,quota_r2=-6.143511257681163e+38
quota_error=6.748161697521234e+18,cache_error=0.1799204358832894,quota_r2=-5.948882923575245e+38
quota_error=2.291255122321274e+17,cache_error=0.9662800129828922,quota_r2=-1.4835394239808442e+36
quota_error=6.769933964304677e+18,cache_error=0.1795827827222217,quota_r2=-5.8876475522148396e+38
quota_error=6.79045175731606e+18,cache_error=0.17923290438333617,quota_r2=-5.933544424481107e+38
quota_error=6.78272171798007e+18,cache_error=0.17924328079665933,quota_r2=-5.91438089423458e+38
quota_error=6.755561768622481e+18,cache_error=0.1796531838502139,quota_r2=-5.867085241721556e+38
quota_error=6.767499897672575e+18,cache_error=0.17931307834204147,quota_r2=-5.895270223467719e+38
quota_error=6.764915198060959e+18,cache_error=0.17940863158009074,quota_r2=-5.861067655015445e+38
quota_error=6.795233942454151e+18,cache_error=0.17908366640666867,quota_r2=-5.946759928173742e+38
quota_error=2.287822262010112e+17,cache_error=0.9662800129828915,quota_r2=-1.447277738210875e+36
quota_error=6.778759551968609e+18,cache_error=0.17939129840207088,quota_r2=-5.8961549422695525e+38
quota_error=6.789319176936732e+18,cache_error=0.17927728180710936,quota_r2=-5.96232221811149e+38
quota_error=6.797289149647447e+18,cache_error=0.17914256515516935,quota_r2=-6.071025705138199e+38
quota_error=6.778407015040529e+18,cache_error=0.1794632213237897,quota_r2=-5.9156540702227816e+38
quota_error=6.777770432415061e+18,cache_error=0.17949245210795042,quota_r2=-5.935862871789719e+38
quota_error=6.796714709641193e+18,cache_error=0.17948638967412656,quota_r2=-5.959491020418843e+38
quota_error=6.759277697695053e+18,cache_error=0.17910497985968396,quota_r2=-5.848548104174026e+38
quota_error=2.2961649802700906e+17,cache_error=0.9662800129828939,quota_r2=-1.458706119775424e+36
quota_error=6.776436653996e+18,cache_error=0.17955194131053745,quota_r2=-5.93107488160005e+38
quota_error=6.765981462235754e+18,cache_error=0.17944556125824576,quota_r2=-5.927213356910966e+38
quota_error=6.751048862560962e+18,cache_error=0.18031546751195676,quota_r2=-5.8330807092388676e+38
quota_error=6.779163828262978e+18,cache_error=0.179552810064177,quota_r2=-5.950356154393102e+38
run [38;2;242;40;60m1[0m  time [38;2;255;194;0m  5.1202 s[0m  epoch [38;2;135;90;251m 3[0m  r2 [38;2;39;125;255m 0.0000[0m  mse [38;2;0;174;107m1.0000[0m  tile [38;2;135;90;251mreward 0.000000000[0m
quota_error=1.0674884033422359e+18,cache_error=0.17999793805523123,quota_r2=-1.4255902170469215e+37
quota_error=1.0790943367592415e+18,cache_error=0.17933353473235,quota_r2=-1.494927595319777e+37
quota_error=1.0779661930887608e+18,cache_error=0.17924054324359215,quota_r2=-1.4903547596653627e+37
quota_error=3.7238907187431565e+17,cache_error=0.9662800129828917,quota_r2=-3.889921712187168e+36
quota_error=1.0663387353816462e+18,cache_error=0.17992815530356754,quota_r2=-1.4146731779774695e+37
quota_error=1.0766877824266365e+18,cache_error=0.179491714346362,quota_r2=-1.4603927164764943e+37
quota_error=1.0738297064247656e+18,cache_error=0.17937280458750074,quota_r2=-1.4574545207260586e+37
quota_error=1.0727871831988255e+18,cache_error=0.17940373980359037,quota_r2=-1.4420381079212342e+37
quota_error=1.0699823468254004e+18,cache_error=0.17989789983682414,quota_r2=-1.4367784136846986e+37
quota_error=1.073119384357608e+18,cache_error=0.17990058584744867,quota_r2=-1.432719703888747e+37
quota_error=1.0697053740497436e+18,cache_error=0.17977288876721378,quota_r2=-1.4213137380563763e+37
quota_error=3.731818755174848e+17,cache_error=0.9662800129828927,quota_r2=-3.829191808308972e+36
quota_error=1.0762159369658907e+18,cache_error=0.17940715348575148,quota_r2=-1.4500660689906086e+37
quota_error=1.0729363156273544e+18,cache_error=0.17945733304451297,quota_r2=-1.4479745977205488e+37
quota_error=1.0772124405611292e+18,cache_error=0.17922650832627912,quota_r2=-1.4509447076902246e+37
quota_error=1.0817444630444785e+18,cache_error=0.17926307427525806,quota_r2=-1.5121583539295952e+37
quota_error=1.0742180484657852e+18,cache_error=0.17918331139222218,quota_r2=-1.4431580726719333e+37
quota_error=1.0751236961717929e+18,cache_error=0.17929622992303865,quota_r2=-1.4510962058092398e+37
quota_error=1.0701122380952713e+18,cache_error=0.1795828478078474,quota_r2=-1.4324641353444747e+37
quota_error=3.746694893049087e+17,cache_error=0.9662800129828928,quota_r2=-3.9153513521480963e+36
quota_error=1.0715946258981981e+18,cache_error=0.1800817335709156,quota_r2=-1.4497472084396228e+37
quota_error=1.0749688924376794e+18,cache_error=0.17937397755332662,quota_r2=-1.4456918416394382e+37
quota_error=1.0738142329432655e+18,cache_error=0.1794613455114441,quota_r2=-1.4453311930073565e+37
quota_error=1.0696621283730934e+18,cache_error=0.17950182575527174,quota_r2=-1.4219057664339724e+37
run [38;2;242;40;60m1[0m  time [38;2;255;194;0m  5.2109 s[0m  epoch [38;2;135;90;251m 4[0m  r2 [38;2;39;125;255m 0.0000[0m  mse [38;2;0;174;107m1.0000[0m  tile [38;2;135;90;251mreward 0.000000000[0m
quota_error=4541821659447531.0,cache_error=0.17946224056769494,quota_r2=-2.5623194709171386e+32
quota_error=4537241785669905.0,cache_error=0.17948109896554196,quota_r2=-2.5758132147237706e+32
quota_error=4513500160461114.0,cache_error=0.1799492369969875,quota_r2=-2.522198555844502e+32
quota_error=3.8623772814864915e+17,cache_error=0.9662800129828902,quota_r2=-4.1010985724664424e+36
quota_error=4543444908393942.0,cache_error=0.17953512197907348,quota_r2=-2.5674802902246853e+32
quota_error=4505589035986918.0,cache_error=0.17968016775394943,quota_r2=-2.4942382347801235e+32
quota_error=4529537846296783.0,cache_error=0.17974279149664474,quota_r2=-2.5395281539088317e+32
quota_error=4528528189381462.0,cache_error=0.17961606855605314,quota_r2=-2.5354338158803006e+32
quota_error=4533723601056175.0,cache_error=0.17939922796530405,quota_r2=-2.6066714034977588e+32
quota_error=4542764364968569.0,cache_error=0.1792126111152984,quota_r2=-2.5648902891217753e+32
quota_error=4521948782467666.0,cache_error=0.17942010937359887,quota_r2=-2.5438422846602525e+32
quota_error=3.844288293242502e+17,cache_error=0.9662800129828931,quota_r2=-4.041363474304595e+36
quota_error=4493363869688184.5,cache_error=0.18070325688059055,quota_r2=-2.514913733667389e+32
quota_error=4520319498730738.0,cache_error=0.17942788940925197,quota_r2=-2.5362796473109776e+32
quota_error=4500679269531016.5,cache_error=0.18043414320819331,quota_r2=-2.512405966483266e+32
quota_error=4515581703690350.0,cache_error=0.180152869787979,quota_r2=-2.5311596656892983e+32
quota_error=4520848333334181.0,cache_error=0.18031296339334826,quota_r2=-2.5536650255257935e+32
quota_error=4525700956198894.0,cache_error=0.18023320993800965,quota_r2=-2.6124104782202525e+32
quota_error=4530747756998083.0,cache_error=0.17949806462780143,quota_r2=-2.5706616247332893e+32
quota_error=3.846420936044521e+17,cache_error=0.9662800129828909,quota_r2=-4.0645561837880274e+36
quota_error=4542579491948576.0,cache_error=0.17927837656647355,quota_r2=-2.609960699086418e+32
quota_error=4500666768172025.0,cache_error=0.18024958886560588,quota_r2=-2.5201626567316945e+32
quota_error=4544695301683202.0,cache_error=0.17960880613868907,quota_r2=-2.6378495905717303e+32
quota_error=4509421182026392.0,cache_error=0.17998629320141876,quota_r2=-2.53644233550556e+32
run [38;2;242;40;60m1[0m  time [38;2;255;194;0m  5.2717 s[0m  epoch [38;2;135;90;251m 5[0m  r2 [38;2;39;125;255m 0.0000[0m  mse [38;2;0;174;107m1.0000[0m  tile [38;2;135;90;251mreward 0.000000000[0m
quota_error=3.907649047891058e+16,cache_error=0.9662800129828923,quota_r2=-1.891913034085407e+34
quota_error=3.940181649369648e+16,cache_error=0.966280012982891,quota_r2=-1.9658504685692722e+34
quota_error=3.911940110489232e+16,cache_error=0.9662800129828911,quota_r2=-1.8915627177804546e+34
quota_error=1.1923128464242253e+18,cache_error=0.9662800129828916,quota_r2=-1.7803354709082754e+37
quota_error=3.925678852854794e+16,cache_error=0.9662800129828918,quota_r2=-1.9079977571428515e+34
quota_error=3.9289061502635656e+16,cache_error=0.9662800129828909,quota_r2=-1.918976468767986e+34
quota_error=3.9300841319171784e+16,cache_error=0.9662800129828915,quota_r2=-1.9152403990406003e+34
quota_error=3.94796418096562e+16,cache_error=0.9662800129828929,quota_r2=-1.9864859490641094e+34
quota_error=3.932946093564875e+16,cache_error=0.9662800129828909,quota_r2=-1.9352193994707612e+34
quota_error=3.929164128930965e+16,cache_error=0.9662800129828917,quota_r2=-1.921534896393559e+34
quota_error=3.932958227858105e+16,cache_error=0.9662800129828917,quota_r2=-1.9181904132074544e+34
quota_error=1.2050613097189773e+18,cache_error=0.9662800129828927,quota_r2=-1.806883242421701e+37
quota_error=3.92488394115892e+16,cache_error=0.966280012982893,quota_r2=-1.913214800251814e+34
quota_error=3.923249193711945e+16,cache_error=0.9662800129828932,quota_r2=-1.9123699188913718e+34
quota_error=3.882055619682622e+16,cache_error=0.9662800129828913,quota_r2=-1.8559258421426436e+34
quota_error=3.929198734564568e+16,cache_error=0.966280012982893,quota_r2=-1.9179164612666837e+34
quota_error=3.902656752030829e+16,cache_error=0.9662800129828907,quota_r2=-1.8723312716625517e+34
quota_error=3.927240786679746e+16,cache_error=0.966280012982892,quota_r2=-1.9053647113343013e+34
quota_error=3.929691755061663e+16,cache_error=0.9662800129828922,quota_r2=-1.9150750204024421e+34
quota_error=1.2037181277074767e+18,cache_error=0.9662800129828912,quota_r2=-1.8015331567923994e+37
quota_error=3.922320680853434e+16,cache_error=0.9662800129828915,quota_r2=-1.8949273670866974e+34
quota_error=3.936059065077429e+16,cache_error=0.9662800129828928,quota_r2=-1.963473664593219e+34
quota_error=3.9375739467259176e+16,cache_error=0.9662800129828918,quota_r2=-1.9557006335863559e+34
quota_error=3.913261784971145e+16,cache_error=0.9662800129828941,quota_r2=-1.8879571702753003e+34
run [38;2;242;40;60m1[0m  time [38;2;255;194;0m  5.2600 s[0m  epoch [38;2;135;90;251m 6[0m  r2 [38;2;39;125;255m 0.0000[0m  mse [38;2;0;174;107m1.0000[0m  tile [38;2;135;90;251mreward 0.000000000[0m
quota_error=560169994432165.75,cache_error=0.9662800129828919,quota_r2=-3.8577058527909985e+30
quota_error=562861257301462.2,cache_error=0.9662800129828932,quota_r2=-3.926069554270151e+30
quota_error=560036123175390.2,cache_error=0.9662800129828921,quota_r2=-3.8576754576179514e+30
quota_error=1.1086266652152721e+18,cache_error=0.9662800129828923,quota_r2=-1.5263853125295018e+37
quota_error=562813172684805.75,cache_error=0.966280012982892,quota_r2=-3.933771639761243e+30
quota_error=562685581243167.6,cache_error=0.9662800129828905,quota_r2=-3.9344604068443223e+30
quota_error=563377801287291.4,cache_error=0.9662800129828915,quota_r2=-4.017956193486032e+30
quota_error=561460554304681.56,cache_error=0.966280012982891,quota_r2=-3.8943436838580214e+30
quota_error=561582654359501.0,cache_error=0.9662800129828913,quota_r2=-3.90253636269826e+30
quota_error=559492020514432.5,cache_error=0.9662800129828925,quota_r2=-3.877142005585167e+30
quota_error=562355304821634.7,cache_error=0.9662800129828916,quota_r2=-3.9758756607248505e+30
quota_error=1.1081471269379913e+18,cache_error=0.9662800129828916,quota_r2=-1.5218642894479071e+37
quota_error=563028516704568.1,cache_error=0.9662800129828915,quota_r2=-3.945038169817423e+30
quota_error=563270984747236.4,cache_error=0.9662800129828926,quota_r2=-3.965210638940041e+30
quota_error=560142960624046.7,cache_error=0.9662800129828922,quota_r2=-3.879799648488443e+30
quota_error=561061288553460.0,cache_error=0.9662800129828915,quota_r2=-3.899818905985596e+30
quota_error=558167906682888.44,cache_error=0.9662800129828917,quota_r2=-3.8661128387329206e+30
quota_error=562007944353621.1,cache_error=0.9662800129828907,quota_r2=-3.918052538718488e+30
quota_error=562773057800132.8,cache_error=0.966280012982893,quota_r2=-4.012102862282812e+30
quota_error=1.1059356293801869e+18,cache_error=0.9662800129828912,quota_r2=-1.5249298198936073e+37
quota_error=562083353987706.2,cache_error=0.9662800129828911,quota_r2=-3.922826235859494e+30
quota_error=564366064198587.8,cache_error=0.966280012982891,quota_r2=-3.947917914667025e+30
quota_error=562313322390806.94,cache_error=0.9662800129828919,quota_r2=-3.915429185940514e+30
quota_error=562532016349090.56,cache_error=0.9662800129828932,quota_r2=-3.926647413055811e+30
run [38;2;242;40;60m1[0m  time [38;2;255;194;0m  5.2344 s[0m  epoch [38;2;135;90;251m 7[0m  r2 [38;2;39;125;255m 0.0000[0m  mse [38;2;0;174;107m1.0000[0m  tile [38;2;135;90;251mreward 0.000000000[0m
quota_error=1.5578213863809126e+17,cache_error=0.17944771378255522,quota_r2=-6.65807544554592e+35
quota_error=1.5585149697216074e+17,cache_error=0.17936109179345106,quota_r2=-6.809085809506455e+35
quota_error=1.546093639304115e+17,cache_error=0.18039275794089274,quota_r2=-6.585957124233855e+35
quota_error=1.3232961191737566e+17,cache_error=0.9662800129828899,quota_r2=-2.1738238077610257e+35
quota_error=1.554638717139097e+17,cache_error=0.17991893655881003,quota_r2=-6.6424206092681424e+35
quota_error=1.554841726432306e+17,cache_error=0.17992900096143527,quota_r2=-6.678119298440859e+35
quota_error=1.5485234944759754e+17,cache_error=0.18012603660054932,quota_r2=-6.53235536770971e+35
quota_error=1.5310550341444653e+17,cache_error=0.1805650671204322,quota_r2=-6.385012605068262e+35
quota_error=1.554717335150932e+17,cache_error=0.1797307492265803,quota_r2=-6.672153115286402e+35
quota_error=1.5547595249629274e+17,cache_error=0.1794914180372602,quota_r2=-6.65939636326803e+35
quota_error=1.5566155959794675e+17,cache_error=0.17932410739409405,quota_r2=-6.672512975789937e+35
quota_error=1.3273804606711346e+17,cache_error=0.9662800129828917,quota_r2=-2.1976377608985487e+35
quota_error=1.5573172193782112e+17,cache_error=0.1796519162891663,quota_r2=-6.685226869221181e+35
quota_error=1.552009686362287e+17,cache_error=0.1802309091566849,quota_r2=-6.642010064198582e+35
quota_error=1.554920753760072e+17,cache_error=0.17950001017798825,quota_r2=-6.665964628834385e+35
quota_error=1.558735454573174e+17,cache_error=0.17938175020788058,quota_r2=-6.665349314064761e+35
quota_error=1.548660072294123e+17,cache_error=0.17971792607164128,quota_r2=-6.551035249164428e+35
quota_error=1.5538688995378493e+17,cache_error=0.17927316639244026,quota_r2=-6.6005535430271604e+35
quota_error=1.5506774257735942e+17,cache_error=0.17994447440443553,quota_r2=-6.659254385011061e+35
quota_error=1.3204718946260848e+17,cache_error=0.9662800129828926,quota_r2=-2.1629662048459858e+35
quota_error=1.5539380013833674e+17,cache_error=0.17967826015157956,quota_r2=-6.610864527709704e+35
quota_error=1.5554694788685072e+17,cache_error=0.1795212466587431,quota_r2=-6.794126763344688e+35
quota_error=1.545633003264004e+17,cache_error=0.18042919187966566,quota_r2=-6.569673903448673e+35
quota_error=1.5564838994093574e+17,cache_error=0.17913805491485008,quota_r2=-6.647063163051829e+35
run [38;2;242;40;60m1[0m  time [38;2;255;194;0m  5.2595 s[0m  epoch [38;2;135;90;251m 8[0m  r2 [38;2;39;125;255m 0.0000[0m  mse [38;2;0;174;107m1.0000[0m  tile [38;2;135;90;251mreward 0.000000000[0m
quota_error=6536263915600111.0,cache_error=0.17989144219901004,quota_r2=-1.1768281216038269e+33
quota_error=6584323224160662.0,cache_error=0.17906471013275949,quota_r2=-1.1979068895698156e+33
quota_error=6525491682002750.0,cache_error=0.1791137257882461,quota_r2=-1.1588582498153876e+33
quota_error=2.174260307498323e+17,cache_error=0.9662800129828931,quota_r2=-5.858616295149079e+35
quota_error=6500668556015748.0,cache_error=0.18027169990763012,quota_r2=-1.183018173194124e+33
quota_error=6566105010199785.0,cache_error=0.1791608602896391,quota_r2=-1.2100643870770533e+33
quota_error=6544351148485630.0,cache_error=0.17932726509924513,quota_r2=-1.1787652369464119e+33
quota_error=6531908845643783.0,cache_error=0.1798271918340576,quota_r2=-1.1948156480397012e+33
quota_error=6524233449734899.0,cache_error=0.17968741735991317,quota_r2=-1.1705337066641978e+33
quota_error=6553617468187911.0,cache_error=0.1795769694125271,quota_r2=-1.2114634301867234e+33
quota_error=6561538373831609.0,cache_error=0.17958122139712757,quota_r2=-1.1837554699252898e+33
quota_error=2.153470492424213e+17,cache_error=0.9662800129828912,quota_r2=-5.742849775812168e+35
quota_error=6531186923446484.0,cache_error=0.17912040342319704,quota_r2=-1.1691239712962923e+33
quota_error=6553797870754870.0,cache_error=0.17913964808592356,quota_r2=-1.1783333057759087e+33
quota_error=6552068857679522.0,cache_error=0.1793866569140807,quota_r2=-1.1811099570520125e+33
quota_error=6541424931334767.0,cache_error=0.17951177222489384,quota_r2=-1.1921017710379931e+33
quota_error=6542181424933278.0,cache_error=0.17952579340501984,quota_r2=-1.1717677731473849e+33
quota_error=6539594328999128.0,cache_error=0.17971789985173892,quota_r2=-1.1901326740386718e+33
quota_error=6565834824408245.0,cache_error=0.17928236359808128,quota_r2=-1.1845263358317685e+33
quota_error=2.1645492885843984e+17,cache_error=0.9662800129828923,quota_r2=-5.942911742519419e+35
quota_error=6514943348754667.0,cache_error=0.17957634195859115,quota_r2=-1.1580627232629119e+33
quota_error=6512101137672087.0,cache_error=0.1802031646624941,quota_r2=-1.1591103521533801e+33
quota_error=6531231859966809.0,cache_error=0.17938619736689715,quota_r2=-1.1708579879155194e+33
quota_error=6528063669591119.0,cache_error=0.17958099353925677,quota_r2=-1.1893613401425008e+33
run [38;2;242;40;60m1[0m  time [38;2;255;194;0m  5.1813 s[0m  epoch [38;2;135;90;251m 9[0m  r2 [38;2;39;125;255m 0.0000[0m  mse [38;2;0;174;107m1.0000[0m  tile [38;2;135;90;251mreward 0.000000000[0m
quota_error=6860342162879809.0,cache_error=0.9662800129828918,quota_r2=-5.9443188341541984e+32
quota_error=6793796838945764.0,cache_error=0.9662800129828932,quota_r2=-5.72806537302148e+32
quota_error=6854486137268640.0,cache_error=0.9662800129828923,quota_r2=-5.8393627303843904e+32
quota_error=3.424452379132004e+17,cache_error=0.9662800129828913,quota_r2=-1.4553848667494493e+36
quota_error=6837280902590855.0,cache_error=0.9662800129828913,quota_r2=-5.775763627823112e+32
quota_error=6839382474722303.0,cache_error=0.9662800129828912,quota_r2=-5.817075205937683e+32
quota_error=6822283636533054.0,cache_error=0.9662800129828927,quota_r2=-5.764825471867783e+32
quota_error=6904168081053237.0,cache_error=0.9662800129828917,quota_r2=-6.1047801774156814e+32
quota_error=6812236465573475.0,cache_error=0.9662800129828921,quota_r2=-5.727400212425404e+32
quota_error=6885330306118870.0,cache_error=0.9662800129828878,quota_r2=-6.010687250564938e+32
quota_error=6810287251558683.0,cache_error=0.966280012982892,quota_r2=-5.731894124330443e+32
quota_error=3.4203468128253914e+17,cache_error=0.966280012982891,quota_r2=-1.4457903810478287e+36
quota_error=6801039598986482.0,cache_error=0.966280012982893,quota_r2=-5.8491588679120826e+32
quota_error=6826409395248950.0,cache_error=0.9662800129828905,quota_r2=-5.772078840169473e+32
quota_error=6841345455981722.0,cache_error=0.9662800129828916,quota_r2=-5.7778310902861686e+32
quota_error=6826201540531983.0,cache_error=0.9662800129828916,quota_r2=-5.807774678015576e+32
quota_error=6841023419213068.0,cache_error=0.9662800129828917,quota_r2=-5.786008233667971e+32
quota_error=6808644762241533.0,cache_error=0.9662800129828927,quota_r2=-5.7172294699620985e+32
quota_error=6815982265983565.0,cache_error=0.9662800129828923,quota_r2=-5.769227023179591e+32
quota_error=3.421329357146799e+17,cache_error=0.9662800129828919,quota_r2=-1.4529649125817836e+36
quota_error=6857290154783217.0,cache_error=0.9662800129828909,quota_r2=-5.84696349808249e+32
quota_error=6845276472740546.0,cache_error=0.9662800129828927,quota_r2=-5.779976523382814e+32
quota_error=6822941827633389.0,cache_error=0.9662800129828921,quota_r2=-5.7381434938367595e+32
quota_error=6825450240872364.0,cache_error=0.9662800129828925,quota_r2=-5.781589005642916e+32
run [38;2;242;40;60m1[0m  time [38;2;255;194;0m  5.2718 s[0m  epoch [38;2;135;90;251m10[0m  r2 [38;2;39;125;255m 0.0000[0m  mse [38;2;0;174;107m1.0000[0m  tile [38;2;135;90;251mreward 0.000000000[0m
quota_error=6.141077443682719e+19,cache_error=0.9662800129828922,quota_r2=-1.0398959427264936e+41
quota_error=6.115646256547846e+19,cache_error=0.9662800129828932,quota_r2=-1.022090186093115e+41
quota_error=6.188465623259644e+19,cache_error=0.9662800129828915,quota_r2=-1.0821340442612846e+41
quota_error=7.885408374676015e+19,cache_error=0.9662800129828929,quota_r2=-1.711023450574629e+41
quota_error=6.128131749452142e+19,cache_error=0.966280012982892,quota_r2=-1.0382578763647888e+41
quota_error=6.134046402526839e+19,cache_error=0.966280012982893,quota_r2=-1.0332761044065144e+41
quota_error=6.1451493193401025e+19,cache_error=0.9662800129828918,quota_r2=-1.036966839680743e+41
quota_error=6.155923390236081e+19,cache_error=0.966280012982891,quota_r2=-1.0464558435008482e+41
quota_error=6.087914828360002e+19,cache_error=0.9662800129828933,quota_r2=-1.014849094006543e+41
quota_error=6.1557401189079155e+19,cache_error=0.9662800129828919,quota_r2=-1.0498620826579628e+41
quota_error=6.162511346692127e+19,cache_error=0.966280012982892,quota_r2=-1.0669979275456708e+41
quota_error=7.90028236918603e+19,cache_error=0.9662800129828926,quota_r2=-1.7123569723617348e+41
quota_error=6.1279770275223585e+19,cache_error=0.9662800129828902,quota_r2=-1.0295139215770256e+41
quota_error=6.138248685493674e+19,cache_error=0.966280012982893,quota_r2=-1.0316762927702998e+41
quota_error=6.165370460617834e+19,cache_error=0.9662800129828937,quota_r2=-1.0543893289098076e+41
quota_error=6.158888710503646e+19,cache_error=0.9662800129828939,quota_r2=-1.0468256724965968e+41
quota_error=6.124252233365638e+19,cache_error=0.9662800129828918,quota_r2=-1.029702202586004e+41
quota_error=6.1617595618712625e+19,cache_error=0.966280012982893,quota_r2=-1.048606849837093e+41
quota_error=6.092812219850689e+19,cache_error=0.9662800129828921,quota_r2=-1.01561093659014e+41
quota_error=7.871699809273512e+19,cache_error=0.9662800129828926,quota_r2=-1.6974326370212951e+41
quota_error=6.141327878258934e+19,cache_error=0.9662800129828905,quota_r2=-1.0390501411314071e+41
quota_error=6.151718206041844e+19,cache_error=0.9662800129828932,quota_r2=-1.0691203078038337e+41
quota_error=6.123585050971594e+19,cache_error=0.9662800129828928,quota_r2=-1.0481899664012483e+41
quota_error=6.115870582114619e+19,cache_error=0.966280012982892,quota_r2=-1.0506987996321826e+41
quota_error=6.145395332851035e+19,cache_error=0.966280012982891,quota_r2=-1.0360043594954069e+41
quota_error=6.1527854293251334e+19,cache_error=0.9662800129828916,quota_r2=-1.041122361351436e+41
quota_error=6.149974670412074e+19,cache_error=0.9662800129828915,quota_r2=-1.0423273184549361e+41
quota_error=7.897396524386596e+19,cache_error=0.9662800129828912,quota_r2=-1.7130228574307717e+41
quota_error=6.180846583506179e+19,cache_error=0.9662800129828909,quota_r2=-1.0569948013684495e+41
quota_error=6.144149992532693e+19,cache_error=0.966280012982892,quota_r2=-1.0410046963262402e+41
quota_error=6.138900874928361e+19,cache_error=0.9662800129828935,quota_r2=-1.0638800559940057e+41
quota_error=6.132728663621302e+19,cache_error=0.96628001298289,quota_r2=-1.0282957083545172e+41
quota_error=6.1412043852370534e+19,cache_error=0.9662800129828926,quota_r2=-1.0401369040175927e+41
quota_error=6.165822059763409e+19,cache_error=0.9662800129828925,quota_r2=-1.0545831380066355e+41
quota_error=6.166171798573176e+19,cache_error=0.966280012982892,quota_r2=-1.0738532546486102e+41
quota_error=7.859158614184703e+19,cache_error=0.9662800129828923,quota_r2=-1.736803063290301e+41
quota_error=6.1666606397693534e+19,cache_error=0.96628001298289,quota_r2=-1.047531080606349e+41
quota_error=6.151476513853995e+19,cache_error=0.9662800129828913,quota_r2=-1.0424691268410998e+41
quota_error=6.101625460343956e+19,cache_error=0.9662800129828917,quota_r2=-1.0213452876507456e+41
quota_error=6.14472247199023e+19,cache_error=0.966280012982893,quota_r2=-1.0387634668271392e+41
quota_error=6.147209796107499e+19,cache_error=0.9662800129828917,quota_r2=-1.0635944051215291e+41
quota_error=6.131495922597088e+19,cache_error=0.9662800129828923,quota_r2=-1.0405334099020652e+41
quota_error=6.163765152979689e+19,cache_error=0.9662800129828923,quota_r2=-1.0478349807813153e+41
quota_error=7.95486479823987e+19,cache_error=0.9662800129828929,quota_r2=-1.792156238844401e+41
quota_error=6.158760294636302e+19,cache_error=0.9662800129828922,quota_r2=-1.0478041031097285e+41
quota_error=6.148915347250378e+19,cache_error=0.9662800129828923,quota_r2=-1.0410090979031231e+41
quota_error=6.160948804967289e+19,cache_error=0.9662800129828926,quota_r2=-1.0540479415292368e+41
quota_error=6.167908724005348e+19,cache_error=0.9662800129828911,quota_r2=-1.0503887588210894e+41
quota_error=6.127048143882715e+19,cache_error=0.9662800129828912,quota_r2=-1.0384604591305552e+41
quota_error=6.159726663271365e+19,cache_error=0.9662800129828909,quota_r2=-1.052185634929852e+41
quota_error=6.137325809747719e+19,cache_error=0.9662800129828905,quota_r2=-1.0597013180332558e+41
quota_error=7.875891753724607e+19,cache_error=0.9662800129828925,quota_r2=-1.741847438498271e+41
quota_error=6.150468057170099e+19,cache_error=0.9662800129828915,quota_r2=-1.0480186387716833e+41
quota_error=6.1738451306611876e+19,cache_error=0.9662800129828939,quota_r2=-1.059272657799988e+41
quota_error=6.136939178549763e+19,cache_error=0.9662800129828915,quota_r2=-1.0390221445129492e+41
quota_error=6.178834977085032e+19,cache_error=0.9662800129828922,quota_r2=-1.0634246507477178e+41
quota_error=6.150551662225004e+19,cache_error=0.9662800129828915,quota_r2=-1.0425102320802863e+41
quota_error=6.190319234708572e+19,cache_error=0.9662800129828921,quota_r2=-1.0630476896956448e+41
quota_error=6.123720984764918e+19,cache_error=0.9662800129828923,quota_r2=-1.0340808673574147e+41
quota_error=7.861425742765241e+19,cache_error=0.9662800129828927,quota_r2=-1.6919513939598221e+41
quota_error=6.15218582482867e+19,cache_error=0.9662800129828919,quota_r2=-1.0414680854925554e+41
quota_error=6.1165854056611815e+19,cache_error=0.966280012982892,quota_r2=-1.0271866913967567e+41
quota_error=6.116922493932867e+19,cache_error=0.9662800129828925,quota_r2=-1.0255922048396073e+41
quota_error=6.173993784544706e+19,cache_error=0.9662800129828937,quota_r2=-1.0537016847913361e+41
quota_error=6.147669402115695e+19,cache_error=0.9662800129828918,quota_r2=-1.043961770563837e+41
quota_error=6.129476938455738e+19,cache_error=0.9662800129828913,quota_r2=-1.0378455987045642e+41
quota_error=6.164078200915274e+19,cache_error=0.9662800129828913,quota_r2=-1.0713708589236594e+41
quota_error=7.927203547616177e+19,cache_error=0.9662800129828918,quota_r2=-1.7378290900479202e+41
quota_error=6.126908664368991e+19,cache_error=0.9662800129828916,quota_r2=-1.0300688269664896e+41
quota_error=6.1276467621906555e+19,cache_error=0.9662800129828926,quota_r2=-1.0321235411911281e+41
quota_error=6.134048969761264e+19,cache_error=0.9662800129828919,quota_r2=-1.0430030431888375e+41
quota_error=6.147249058059992e+19,cache_error=0.9662800129828913,quota_r2=-1.0431230427406373e+41
quota_error=6.153800034435653e+19,cache_error=0.9662800129828929,quota_r2=-1.0458887169136308e+41
quota_error=6.142992585550402e+19,cache_error=0.9662800129828928,quota_r2=-1.0398417500173972e+41
quota_error=6.148434657331052e+19,cache_error=0.9662800129828915,quota_r2=-1.048563493581127e+41
quota_error=7.896368788326987e+19,cache_error=0.9662800129828917,quota_r2=-1.7151391716726217e+41
quota_error=6.1758875745759306e+19,cache_error=0.9662800129828919,quota_r2=-1.068354364730967e+41
quota_error=6.143687089483021e+19,cache_error=0.9662800129828926,quota_r2=-1.0459367949145297e+41
quota_error=6.1570077607531045e+19,cache_error=0.9662800129828921,quota_r2=-1.0433270601998012e+41
quota_error=6.127106934746663e+19,cache_error=0.9662800129828929,quota_r2=-1.0335477696363817e+41
quota_error=6.167817213112462e+19,cache_error=0.966280012982893,quota_r2=-1.0492738012791474e+41
quota_error=6.080246995346139e+19,cache_error=0.966280012982892,quota_r2=-1.0133357221127395e+41
quota_error=6.145009494456773e+19,cache_error=0.966280012982891,quota_r2=-1.0614472512392091e+41
quota_error=7.897393648431419e+19,cache_error=0.9662800129828926,quota_r2=-1.7238997577792287e+41
quota_error=6.1303726003942924e+19,cache_error=0.966280012982892,quota_r2=-1.0387343029472212e+41
quota_error=6.155813925525076e+19,cache_error=0.9662800129828935,quota_r2=-1.0378218113161228e+41
quota_error=6.168516571647418e+19,cache_error=0.9662800129828928,quota_r2=-1.0468738365119115e+41
quota_error=6.172161416470667e+19,cache_error=0.9662800129828929,quota_r2=-1.0561010231103893e+41
quota_error=6.112910280185614e+19,cache_error=0.966280012982891,quota_r2=-1.0261067911829392e+41
quota_error=6.131478987652517e+19,cache_error=0.9662800129828907,quota_r2=-1.0312421771592316e+41
quota_error=6.171611078758005e+19,cache_error=0.9662800129828928,quota_r2=-1.0523827833923796e+41
quota_error=7.919399247072651e+19,cache_error=0.9662800129828928,quota_r2=-1.7312186673682438e+41
quota_error=6.140161869982908e+19,cache_error=0.966280012982892,quota_r2=-1.0538978554091032e+41
quota_error=6.130282199390495e+19,cache_error=0.966280012982892,quota_r2=-1.0587369983991124e+41
quota_error=6.141271290053379e+19,cache_error=0.9662800129828919,quota_r2=-1.0485230783847157e+41
quota_error=6.119733416408029e+19,cache_error=0.9662800129828917,quota_r2=-1.0254791566019945e+41
quota_error=6.142166561578426e+19,cache_error=0.9662800129828918,quota_r2=-1.028923714042381e+41
quota_error=6.1545525773651616e+19,cache_error=0.9662800129828917,quota_r2=-1.0446088539728472e+41
quota_error=6.172046669024767e+19,cache_error=0.966280012982892,quota_r2=-1.07757385182649e+41
quota_error=7.911303251821208e+19,cache_error=0.9662800129828903,quota_r2=-1.7256094833853837e+41
quota_error=6.13198007111541e+19,cache_error=0.9662800129828926,quota_r2=-1.032027934624208e+41
quota_error=6.18558616473374e+19,cache_error=0.9662800129828917,quota_r2=-1.0803934517034709e+41
quota_error=6.140151715511275e+19,cache_error=0.9662800129828926,quota_r2=-1.0363387505753671e+41
quota_error=6.125031657769349e+19,cache_error=0.9662800129828915,quota_r2=-1.031649658982425e+41
quota_error=6.1657422893706674e+19,cache_error=0.9662800129828907,quota_r2=-1.0698871348547307e+41
quota_error=6.165327726861045e+19,cache_error=0.9662800129828908,quota_r2=-1.048851546681233e+41
quota_error=6.142239986509726e+19,cache_error=0.966280012982891,quota_r2=-1.0371540421339866e+41
quota_error=7.922764823574725e+19,cache_error=0.9662800129828916,quota_r2=-1.776900815727233e+41
quota_error=6.161924591761946e+19,cache_error=0.9662800129828909,quota_r2=-1.0433934024520277e+41
quota_error=6.1722943197899325e+19,cache_error=0.9662800129828927,quota_r2=-1.0547051410494266e+41
quota_error=6.156122844330136e+19,cache_error=0.9662800129828923,quota_r2=-1.046449150580254e+41
quota_error=6.190216713032812e+19,cache_error=0.9662800129828928,quota_r2=-1.0791255473354946e+41
quota_error=6.119670266532436e+19,cache_error=0.9662800129828916,quota_r2=-1.0271547885387483e+41
quota_error=6.128299378001706e+19,cache_error=0.9662800129828937,quota_r2=-1.0311114183254718e+41
quota_error=6.148258070181496e+19,cache_error=0.9662800129828923,quota_r2=-1.0436772815343462e+41
quota_error=7.911308908710907e+19,cache_error=0.9662800129828926,quota_r2=-1.7334378860411448e+41
quota_error=6.100582300040637e+19,cache_error=0.9662800129828923,quota_r2=-1.0414500211514146e+41
quota_error=6.14715070281936e+19,cache_error=0.9662800129828926,quota_r2=-1.0430956933948548e+41
quota_error=6.163945314260962e+19,cache_error=0.9662800129828932,quota_r2=-1.0671024553671442e+41
quota_error=6.154737707238143e+19,cache_error=0.9662800129828927,quota_r2=-1.0456784444784616e+41
quota_error=6.1218755327003795e+19,cache_error=0.9662800129828909,quota_r2=-1.0273053157015065e+41
quota_error=6.147877440933346e+19,cache_error=0.9662800129828932,quota_r2=-1.0425247363818705e+41
quota_error=6.138597515842468e+19,cache_error=0.9662800129828921,quota_r2=-1.0398132500597086e+41
quota_error=7.886763951280936e+19,cache_error=0.9662800129828909,quota_r2=-1.712521463076542e+41
quota_error=6.113029097937348e+19,cache_error=0.9662800129828897,quota_r2=-1.0206921480225837e+41
quota_error=6.167722977648466e+19,cache_error=0.9662800129828922,quota_r2=-1.0507606968618052e+41
quota_error=6.179135231655412e+19,cache_error=0.9662800129828912,quota_r2=-1.0622488544439598e+41
quota_error=6.1260014680923046e+19,cache_error=0.96628001298289,quota_r2=-1.0282481030216355e+41
quota_error=6.123724710912812e+19,cache_error=0.9662800129828926,quota_r2=-1.0311449861860874e+41
quota_error=6.083126402395147e+19,cache_error=0.9662800129828911,quota_r2=-1.0127955530739406e+41
quota_error=6.170862170566004e+19,cache_error=0.9662800129828925,quota_r2=-1.0570621857493749e+41
quota_error=7.899736537038396e+19,cache_error=0.9662800129828921,quota_r2=-1.6994989215333357e+41
quota_error=6.146496577484701e+19,cache_error=0.9662800129828919,quota_r2=-1.038119129968631e+41
quota_error=6.103080317420138e+19,cache_error=0.9662800129828891,quota_r2=-1.0238324106335057e+41
quota_error=6.127943450687302e+19,cache_error=0.9662800129828915,quota_r2=-1.0300844257471695e+41
quota_error=6.1099823665542906e+19,cache_error=0.9662800129828926,quota_r2=-1.0317779581153255e+41
quota_error=6.1510246933084094e+19,cache_error=0.9662800129828936,quota_r2=-1.0413800348729122e+41
quota_error=6.114370964856382e+19,cache_error=0.9662800129828915,quota_r2=-1.0269124506333704e+41
quota_error=6.159634414523285e+19,cache_error=0.9662800129828915,quota_r2=-1.0510837528506761e+41
quota_error=7.898887885559523e+19,cache_error=0.9662800129828908,quota_r2=-1.7246654110870372e+41
quota_error=6.134677199157142e+19,cache_error=0.9662800129828927,quota_r2=-1.039832997014293e+41
quota_error=6.102361636844633e+19,cache_error=0.9662800129828925,quota_r2=-1.0236400661573556e+41
quota_error=6.102926326896346e+19,cache_error=0.9662800129828922,quota_r2=-1.0165353978952146e+41
quota_error=6.167697988188195e+19,cache_error=0.9662800129828921,quota_r2=-1.055961025024198e+41
quota_error=6.108870072330362e+19,cache_error=0.9662800129828931,quota_r2=-1.028047927167003e+41
quota_error=6.108978911526514e+19,cache_error=0.9662800129828936,quota_r2=-1.0300829648891954e+41
quota_error=6.150789890187109e+19,cache_error=0.966280012982892,quota_r2=-1.0434741674955445e+41
quota_error=7.89322944134437e+19,cache_error=0.9662800129828917,quota_r2=-1.724179695957819e+41
quota_error=6.154643266513073e+19,cache_error=0.9662800129828923,quota_r2=-1.0449006543441614e+41
quota_error=6.1241730156829024e+19,cache_error=0.9662800129828922,quota_r2=-1.0256415132369278e+41
quota_error=6.159133094649958e+19,cache_error=0.9662800129828922,quota_r2=-1.0655160801432484e+41
quota_error=6.1162934007478895e+19,cache_error=0.9662800129828923,quota_r2=-1.0320280386944407e+41
quota_error=6.152469637402056e+19,cache_error=0.966280012982891,quota_r2=-1.0416064847677532e+41
quota_error=6.159386820627035e+19,cache_error=0.9662800129828917,quota_r2=-1.0428995610258974e+41
quota_error=6.1370847973314085e+19,cache_error=0.9662800129828923,quota_r2=-1.041149677608687e+41
quota_error=7.885585523627593e+19,cache_error=0.9662800129828938,quota_r2=-1.747691575555944e+41
quota_error=6.143994485067775e+19,cache_error=0.9662800129828908,quota_r2=-1.0397787880566556e+41
quota_error=6.161362946648323e+19,cache_error=0.9662800129828926,quota_r2=-1.0545690858052653e+41
quota_error=6.160308005034388e+19,cache_error=0.9662800129828928,quota_r2=-1.044087373358831e+41
quota_error=6.135939622242477e+19,cache_error=0.966280012982894,quota_r2=-1.03331763748982e+41
quota_error=6.16469666896228e+19,cache_error=0.9662800129828923,quota_r2=-1.0531442848886962e+41
quota_error=6.1412699967127495e+19,cache_error=0.9662800129828907,quota_r2=-1.0355130777158265e+41
quota_error=6.155968373917752e+19,cache_error=0.9662800129828928,quota_r2=-1.0666302242120876e+41
quota_error=7.915174854139709e+19,cache_error=0.9662800129828941,quota_r2=-1.7280432218632453e+41
quota_error=6.155485236124963e+19,cache_error=0.9662800129828923,quota_r2=-1.0387973101051196e+41
quota_error=6.1418981030720225e+19,cache_error=0.9662800129828929,quota_r2=-1.0385775471205422e+41
quota_error=6.181968050432157e+19,cache_error=0.9662800129828911,quota_r2=-1.0794309373318745e+41
quota_error=6.1328045978598695e+19,cache_error=0.9662800129828917,quota_r2=-1.0321077260596045e+41
quota_error=6.136897269692581e+19,cache_error=0.9662800129828923,quota_r2=-1.059686947161695e+41
quota_error=6.132739970672241e+19,cache_error=0.9662800129828932,quota_r2=-1.0345222968985282e+41
quota_error=6.163621724802819e+19,cache_error=0.966280012982891,quota_r2=-1.0505075714038987e+41
quota_error=7.896766404581923e+19,cache_error=0.9662800129828922,quota_r2=-1.727138061906723e+41
quota_error=6.168206017379357e+19,cache_error=0.9662800129828927,quota_r2=-1.0756661843057667e+41
quota_error=6.1013278853134565e+19,cache_error=0.9662800129828915,quota_r2=-1.0285253344230853e+41
quota_error=6.145263375992484e+19,cache_error=0.9662800129828939,quota_r2=-1.044303293099278e+41
quota_error=6.170439920925523e+19,cache_error=0.9662800129828921,quota_r2=-1.057628197010925e+41
quota_error=6.163779894260847e+19,cache_error=0.9662800129828908,quota_r2=-1.0655769723849965e+41
quota_error=6.145194829554671e+19,cache_error=0.9662800129828928,quota_r2=-1.0379662738874768e+41
quota_error=6.171364076705449e+19,cache_error=0.9662800129828919,quota_r2=-1.074703432754683e+41
quota_error=7.904554029243576e+19,cache_error=0.9662800129828926,quota_r2=-1.752159958729881e+41
quota_error=6.1670597042522776e+19,cache_error=0.9662800129828932,quota_r2=-1.0513014031879975e+41
quota_error=6.099084335092922e+19,cache_error=0.966280012982893,quota_r2=-1.0272242403402696e+41
quota_error=6.1528380496777904e+19,cache_error=0.9662800129828912,quota_r2=-1.0440873908582872e+41
quota_error=6.171201962551227e+19,cache_error=0.9662800129828896,quota_r2=-1.0591468126139795e+41
quota_error=6.155372873971541e+19,cache_error=0.966280012982892,quota_r2=-1.0496520789612521e+41
quota_error=6.119088856316709e+19,cache_error=0.9662800129828916,quota_r2=-1.0306852397402933e+41
quota_error=6.1651107338425975e+19,cache_error=0.9662800129828919,quota_r2=-1.0467537987762284e+41
quota_error=7.860750781645634e+19,cache_error=0.9662800129828912,quota_r2=-1.6986290766740865e+41
quota_error=6.161311737887984e+19,cache_error=0.9662800129828921,quota_r2=-1.0449225583702006e+41
quota_error=6.15822132143898e+19,cache_error=0.9662800129828905,quota_r2=-1.04484992200449e+41
quota_error=6.1490284693377245e+19,cache_error=0.9662800129828923,quota_r2=-1.041805339292171e+41
quota_error=6.154484927268363e+19,cache_error=0.9662800129828919,quota_r2=-1.0419650015447558e+41
quota_error=6.1685872421256585e+19,cache_error=0.9662800129828916,quota_r2=-1.0741101749537551e+41
quota_error=6.160713241907776e+19,cache_error=0.9662800129828928,quota_r2=-1.0500265590135065e+41
quota_error=6.1164375355593376e+19,cache_error=0.9662800129828915,quota_r2=-1.0267847136928038e+41
quota_error=7.885845080849634e+19,cache_error=0.9662800129828911,quota_r2=-1.7074393847621963e+41
quota_error=6.1253657158171345e+19,cache_error=0.9662800129828913,quota_r2=-1.0555007607289886e+41
quota_error=6.153666556063189e+19,cache_error=0.966280012982892,quota_r2=-1.0492547590689153e+41
quota_error=6.152905702047529e+19,cache_error=0.9662800129828922,quota_r2=-1.0418854246611144e+41
quota_error=6.1893088244421255e+19,cache_error=0.966280012982892,quota_r2=-1.0900115459413396e+41
quota_error=6.1468291326907335e+19,cache_error=0.9662800129828921,quota_r2=-1.0685943806266662e+41
quota_error=6.1617070290101264e+19,cache_error=0.9662800129828912,quota_r2=-1.0480461192067308e+41
quota_error=6.161240575281033e+19,cache_error=0.9662800129828923,quota_r2=-1.0503631762848294e+41
quota_error=7.884077397817387e+19,cache_error=0.9662800129828915,quota_r2=-1.7168139112547314e+41
quota_error=6.1560959422802985e+19,cache_error=0.9662800129828918,quota_r2=-1.04223927673882e+41
quota_error=6.14188018013904e+19,cache_error=0.9662800129828916,quota_r2=-1.0426585584339457e+41
quota_error=6.1323720553386476e+19,cache_error=0.9662800129828915,quota_r2=-1.0344112587075284e+41
quota_error=6.1657301192723186e+19,cache_error=0.9662800129828918,quota_r2=-1.06640901242655e+41
quota_error=6.148942068463675e+19,cache_error=0.9662800129828923,quota_r2=-1.041801636478506e+41
quota_error=6.160074477420734e+19,cache_error=0.9662800129828939,quota_r2=-1.042521896454493e+41
quota_error=6.1612120192135864e+19,cache_error=0.9662800129828926,quota_r2=-1.0459696318581754e+41
quota_error=7.895803384858496e+19,cache_error=0.9662800129828915,quota_r2=-1.7658025401623303e+41
quota_error=6.178084296738438e+19,cache_error=0.9662800129828916,quota_r2=-1.0622444600413691e+41
quota_error=6.148428166713729e+19,cache_error=0.9662800129828933,quota_r2=-1.037040047559811e+41
quota_error=6.1571832977624056e+19,cache_error=0.9662800129828915,quota_r2=-1.0439888266880306e+41
quota_error=6.156362044668357e+19,cache_error=0.9662800129828922,quota_r2=-1.0456861223085511e+41
quota_error=6.11243795730962e+19,cache_error=0.9662800129828912,quota_r2=-1.028498055664809e+41
quota_error=6.132726954794039e+19,cache_error=0.9662800129828929,quota_r2=-1.0648992810784498e+41
quota_error=6.162786565836155e+19,cache_error=0.9662800129828923,quota_r2=-1.0456107579841593e+41
quota_error=7.835662260988956e+19,cache_error=0.9662800129828906,quota_r2=-1.679540071688343e+41
quota_error=6.141057656452512e+19,cache_error=0.9662800129828927,quota_r2=-1.0367883463310777e+41
quota_error=6.089128096045227e+19,cache_error=0.9662800129828933,quota_r2=-1.0197668498427337e+41
quota_error=6.148865743232719e+19,cache_error=0.9662800129828909,quota_r2=-1.0414379750588158e+41
quota_error=6.1477213713157595e+19,cache_error=0.9662800129828919,quota_r2=-1.0410089426903989e+41
quota_error=6.1617543784945885e+19,cache_error=0.9662800129828911,quota_r2=-1.0537570006805854e+41
quota_error=6.135905580641983e+19,cache_error=0.9662800129828917,quota_r2=-1.0375289803004044e+41
quota_error=6.145265136642897e+19,cache_error=0.9662800129828909,quota_r2=-1.0320565545436646e+41
quota_error=7.871194948769931e+19,cache_error=0.966280012982892,quota_r2=-1.7008576641337828e+41
quota_error=6.127151452688774e+19,cache_error=0.966280012982892,quota_r2=-1.0337469462188508e+41
quota_error=6.109555457680355e+19,cache_error=0.9662800129828926,quota_r2=-1.023758551292411e+41
quota_error=6.12322127299076e+19,cache_error=0.9662800129828935,quota_r2=-1.0349847185728165e+41
quota_error=6.155412227109777e+19,cache_error=0.9662800129828917,quota_r2=-1.048993354727134e+41
quota_error=6.155483247365733e+19,cache_error=0.9662800129828919,quota_r2=-1.042810546207246e+41
quota_error=6.1498757749649424e+19,cache_error=0.9662800129828927,quota_r2=-1.0456380645206742e+41
quota_error=6.135926894195642e+19,cache_error=0.9662800129828923,quota_r2=-1.0504956398548194e+41
quota_error=7.865700655040076e+19,cache_error=0.9662800129828909,quota_r2=-1.6936399841859506e+41
quota_error=6.149761965068931e+19,cache_error=0.966280012982892,quota_r2=-1.0442288678407449e+41
quota_error=6.11255818138997e+19,cache_error=0.9662800129828941,quota_r2=-1.0303423078570528e+41
quota_error=6.173069811305575e+19,cache_error=0.966280012982893,quota_r2=-1.068603661676703e+41
quota_error=6.103706376505216e+19,cache_error=0.9662800129828929,quota_r2=-1.0428002659800515e+41
quota_error=6.105709973909062e+19,cache_error=0.9662800129828922,quota_r2=-1.0263961964611278e+41
quota_error=6.146390053202614e+19,cache_error=0.9662800129828929,quota_r2=-1.0659849487959324e+41
quota_error=6.1042543333938086e+19,cache_error=0.9662800129828923,quota_r2=-1.0248895261171063e+41
quota_error=7.85935986719376e+19,cache_error=0.9662800129828907,quota_r2=-1.6931155618380347e+41
quota_error=6.128699981525985e+19,cache_error=0.9662800129828931,quota_r2=-1.0496427457862065e+41
quota_error=6.136430540137218e+19,cache_error=0.9662800129828911,quota_r2=-1.055075639861418e+41
quota_error=6.135728726950217e+19,cache_error=0.9662800129828939,quota_r2=-1.0354052682479647e+41
quota_error=6.153709360775927e+19,cache_error=0.9662800129828928,quota_r2=-1.037906030086434e+41
quota_error=6.153161117795841e+19,cache_error=0.9662800129828923,quota_r2=-1.0442644141672331e+41
quota_error=6.114532113903411e+19,cache_error=0.9662800129828915,quota_r2=-1.0331340143114126e+41
quota_error=6.119225390796444e+19,cache_error=0.9662800129828909,quota_r2=-1.0530787340796461e+41
quota_error=7.888853561487542e+19,cache_error=0.966280012982891,quota_r2=-1.7138067125649453e+41
quota_error=6.133579349742723e+19,cache_error=0.9662800129828918,quota_r2=-1.0325461416963566e+41
quota_error=6.1144644696914305e+19,cache_error=0.9662800129828923,quota_r2=-1.023550041639508e+41
quota_error=6.18085741220571e+19,cache_error=0.9662800129828921,quota_r2=-1.0793955227459354e+41
quota_error=6.1402869380511605e+19,cache_error=0.9662800129828927,quota_r2=-1.0314512245484747e+41
quota_error=6.1690866969858015e+19,cache_error=0.9662800129828915,quota_r2=-1.07427469800857e+41
quota_error=6.145434953775188e+19,cache_error=0.966280012982893,quota_r2=-1.0385936492689331e+41
quota_error=6.154850024903813e+19,cache_error=0.9662800129828917,quota_r2=-1.0358180981607308e+41
quota_error=7.879569184744767e+19,cache_error=0.9662800129828927,quota_r2=-1.708068608491308e+41
quota_error=6.1511593377393525e+19,cache_error=0.9662800129828928,quota_r2=-1.0431074573221854e+41
quota_error=6.170412615118318e+19,cache_error=0.9662800129828917,quota_r2=-1.0515573205673153e+41
quota_error=6.119293774611518e+19,cache_error=0.9662800129828916,quota_r2=-1.0347855253354932e+41
quota_error=6.1560067963520385e+19,cache_error=0.9662800129828916,quota_r2=-1.0421151282837497e+41
quota_error=6.112551358316232e+19,cache_error=0.9662800129828919,quota_r2=-1.0234247834174624e+41
quota_error=6.165619719913486e+19,cache_error=0.9662800129828928,quota_r2=-1.0684600168810978e+41
quota_error=6.178362139898673e+19,cache_error=0.9662800129828912,quota_r2=-1.0803226712466968e+41
quota_error=7.877049309798928e+19,cache_error=0.9662800129828915,quota_r2=-1.6977585652227544e+41
quota_error=6.141152404445951e+19,cache_error=0.9662800129828931,quota_r2=-1.0393459582147353e+41
quota_error=6.126945679921961e+19,cache_error=0.9662800129828923,quota_r2=-1.0356274672538714e+41
quota_error=6.167224236181597e+19,cache_error=0.9662800129828911,quota_r2=-1.0466966399402786e+41
quota_error=6.11546342048098e+19,cache_error=0.9662800129828925,quota_r2=-1.0230367914471617e+41
quota_error=6.14535255840222e+19,cache_error=0.9662800129828926,quota_r2=-1.0358486610293405e+41
quota_error=6.114077529659923e+19,cache_error=0.9662800129828933,quota_r2=-1.0320496037036458e+41
quota_error=6.15389625780929e+19,cache_error=0.9662800129828923,quota_r2=-1.042612378075691e+41
quota_error=7.911109491690183e+19,cache_error=0.9662800129828928,quota_r2=-1.726064738315137e+41
quota_error=6.088636061672261e+19,cache_error=0.9662800129828925,quota_r2=-1.0226213489585219e+41
quota_error=6.165745943548101e+19,cache_error=0.9662800129828915,quota_r2=-1.0717100168566504e+41
quota_error=6.155702314457962e+19,cache_error=0.9662800129828909,quota_r2=-1.037565034282998e+41
quota_error=6.137938977295176e+19,cache_error=0.9662800129828932,quota_r2=-1.055519424033292e+41
quota_error=6.15495763867183e+19,cache_error=0.9662800129828908,quota_r2=-1.0644914170183742e+41
quota_error=6.095939855324011e+19,cache_error=0.9662800129828911,quota_r2=-1.021358404381691e+41
quota_error=6.141337018208484e+19,cache_error=0.9662800129828926,quota_r2=-1.0409282794472895e+41
quota_error=7.866900117489983e+19,cache_error=0.9662800129828928,quota_r2=-1.6954938925409257e+41
quota_error=6.134897371462288e+19,cache_error=0.966280012982892,quota_r2=-1.0395567159830726e+41
quota_error=6.0896755752917926e+19,cache_error=0.9662800129828922,quota_r2=-1.0395917900451079e+41
quota_error=6.166141160306651e+19,cache_error=0.9662800129828915,quota_r2=-1.0662818686681744e+41
quota_error=6.197345830979941e+19,cache_error=0.9662800129828928,quota_r2=-1.0626155388598864e+41
quota_error=6.1798163150425235e+19,cache_error=0.9662800129828908,quota_r2=-1.0589360302784784e+41
quota_error=6.17268355514694e+19,cache_error=0.9662800129828917,quota_r2=-1.0487849861125928e+41
quota_error=6.117587009299664e+19,cache_error=0.9662800129828928,quota_r2=-1.0545179445710179e+41
quota_error=7.912749990394891e+19,cache_error=0.9662800129828918,quota_r2=-1.7263477399672003e+41
quota_error=6.138890458915124e+19,cache_error=0.9662800129828906,quota_r2=-1.0304912362570499e+41
quota_error=6.119362626526168e+19,cache_error=0.966280012982892,quota_r2=-1.0286627334393422e+41
quota_error=6.129960987663204e+19,cache_error=0.9662800129828917,quota_r2=-1.0306316157433085e+41
quota_error=6.1695782150375604e+19,cache_error=0.9662800129828911,quota_r2=-1.0584684476463487e+41
quota_error=6.144594313293671e+19,cache_error=0.9662800129828922,quota_r2=-1.0396057387156874e+41
quota_error=6.1663537655646626e+19,cache_error=0.9662800129828929,quota_r2=-1.046281659950116e+41
quota_error=6.137548259678723e+19,cache_error=0.9662800129828915,quota_r2=-1.0359293278052269e+41
quota_error=7.909926019107027e+19,cache_error=0.9662800129828923,quota_r2=-1.7251796368999075e+41
quota_error=6.106958387623496e+19,cache_error=0.9662800129828908,quota_r2=-1.0285726969375228e+41
quota_error=6.1495980344171495e+19,cache_error=0.9662800129828923,quota_r2=-1.0449072240525018e+41
quota_error=6.1122779813105205e+19,cache_error=0.9662800129828937,quota_r2=-1.0498391941038664e+41
quota_error=6.124477113532371e+19,cache_error=0.9662800129828922,quota_r2=-1.026358319371581e+41
quota_error=6.140747037963901e+19,cache_error=0.9662800129828915,quota_r2=-1.0323821922528758e+41
quota_error=6.163672001588364e+19,cache_error=0.9662800129828917,quota_r2=-1.0460548950303443e+41
quota_error=6.129368936596697e+19,cache_error=0.9662800129828917,quota_r2=-1.0290537600782231e+41
quota_error=7.920686045596194e+19,cache_error=0.9662800129828923,quota_r2=-1.7293739015369155e+41
quota_error=6.1535059647042036e+19,cache_error=0.9662800129828908,quota_r2=-1.0478199800914326e+41
quota_error=6.165200407780619e+19,cache_error=0.9662800129828928,quota_r2=-1.0481629308910923e+41
quota_error=6.168101855278077e+19,cache_error=0.9662800129828931,quota_r2=-1.0521095229139204e+41
quota_error=6.126692604307641e+19,cache_error=0.9662800129828911,quota_r2=-1.0303893973772527e+41
quota_error=6.0938263121747124e+19,cache_error=0.9662800129828918,quota_r2=-1.022652296530231e+41
quota_error=6.167297608312093e+19,cache_error=0.9662800129828907,quota_r2=-1.073426677608663e+41
quota_error=6.124503087016715e+19,cache_error=0.9662800129828929,quota_r2=-1.0519491311922033e+41
quota_error=7.833418434320158e+19,cache_error=0.9662800129828931,quota_r2=-1.6848952345045583e+41
quota_error=6.1544787534577025e+19,cache_error=0.9662800129828909,quota_r2=-1.044494462344047e+41
quota_error=6.153575252413431e+19,cache_error=0.9662800129828913,quota_r2=-1.047054043191167e+41
quota_error=6.104272491800481e+19,cache_error=0.9662800129828932,quota_r2=-1.025572675997807e+41
quota_error=6.1214686359828685e+19,cache_error=0.9662800129828918,quota_r2=-1.03534794129349e+41
quota_error=6.1770295598279655e+19,cache_error=0.9662800129828923,quota_r2=-1.055731239847087e+41
quota_error=6.168484689261299e+19,cache_error=0.9662800129828903,quota_r2=-1.0537240755887577e+41
quota_error=6.1433612028530336e+19,cache_error=0.9662800129828909,quota_r2=-1.0439823884659502e+41
quota_error=7.816589846500033e+19,cache_error=0.9662800129828928,quota_r2=-1.6644065723715925e+41
quota_error=6.12223427665382e+19,cache_error=0.9662800129828919,quota_r2=-1.0323195188526213e+41
quota_error=6.1480548002095055e+19,cache_error=0.9662800129828913,quota_r2=-1.0640557422583034e+41
quota_error=6.1718938788064264e+19,cache_error=0.9662800129828915,quota_r2=-1.0538386032904116e+41
quota_error=6.178012055829408e+19,cache_error=0.9662800129828915,quota_r2=-1.0776389037235332e+41
quota_error=6.127176266977296e+19,cache_error=0.9662800129828906,quota_r2=-1.0294260130021727e+41
quota_error=6.144066601388177e+19,cache_error=0.9662800129828911,quota_r2=-1.038926427369173e+41
quota_error=6.13380852980935e+19,cache_error=0.9662800129828918,quota_r2=-1.0589429012857883e+41
quota_error=7.900468260457444e+19,cache_error=0.9662800129828926,quota_r2=-1.725790275162953e+41
quota_error=6.168889034949156e+19,cache_error=0.9662800129828943,quota_r2=-1.045663368577251e+41
quota_error=6.135954149551106e+19,cache_error=0.9662800129828906,quota_r2=-1.0312787392404456e+41
quota_error=6.114574136662585e+19,cache_error=0.9662800129828927,quota_r2=-1.0265058579632726e+41
quota_error=6.145202236904927e+19,cache_error=0.9662800129828912,quota_r2=-1.0430411364192507e+41
quota_error=6.157996687850498e+19,cache_error=0.9662800129828917,quota_r2=-1.0492499107524443e+41
quota_error=6.1532290828394365e+19,cache_error=0.9662800129828922,quota_r2=-1.0448159687386191e+41
quota_error=6.145654917328219e+19,cache_error=0.9662800129828923,quota_r2=-1.0385466276682523e+41
quota_error=7.900130245038044e+19,cache_error=0.9662800129828936,quota_r2=-1.7235471531509178e+41
quota_error=6.168734252739007e+19,cache_error=0.9662800129828915,quota_r2=-1.0538826638604308e+41
quota_error=6.1346408498321375e+19,cache_error=0.9662800129828912,quota_r2=-1.0335034594182547e+41
quota_error=6.154010523621441e+19,cache_error=0.9662800129828938,quota_r2=-1.0476368734364991e+41
quota_error=6.133222527313522e+19,cache_error=0.9662800129828929,quota_r2=-1.0373693828317169e+41
quota_error=6.127019284819716e+19,cache_error=0.9662800129828909,quota_r2=-1.0361155299826524e+41
quota_error=6.115692332521649e+19,cache_error=0.9662800129828916,quota_r2=-1.0243349535429164e+41
quota_error=6.171458661504544e+19,cache_error=0.9662800129828929,quota_r2=-1.0473833750576771e+41
quota_error=7.904247224405872e+19,cache_error=0.9662800129828939,quota_r2=-1.755011268708405e+41
quota_error=6.146972410546347e+19,cache_error=0.9662800129828912,quota_r2=-1.0463576402810233e+41
quota_error=6.138455765835597e+19,cache_error=0.9662800129828935,quota_r2=-1.0418165662379579e+41
quota_error=6.151552032637745e+19,cache_error=0.966280012982892,quota_r2=-1.0457708600864899e+41
quota_error=6.162464923857685e+19,cache_error=0.9662800129828911,quota_r2=-1.0515695913907324e+41
quota_error=6.136574980759044e+19,cache_error=0.9662800129828922,quota_r2=-1.0351959876531578e+41
quota_error=6.115572243759315e+19,cache_error=0.9662800129828907,quota_r2=-1.0268402167368642e+41
quota_error=6.1252052013097935e+19,cache_error=0.9662800129828917,quota_r2=-1.0274777665550856e+41
quota_error=7.889994272032085e+19,cache_error=0.9662800129828909,quota_r2=-1.7137876834379676e+41
quota_error=6.1298398354574e+19,cache_error=0.9662800129828923,quota_r2=-1.036231821686858e+41
quota_error=6.15796343988696e+19,cache_error=0.9662800129828911,quota_r2=-1.0452280290417124e+41
quota_error=6.120315513302145e+19,cache_error=0.9662800129828912,quota_r2=-1.0562693912594826e+41
quota_error=6.152708890678989e+19,cache_error=0.9662800129828927,quota_r2=-1.0418895488378566e+41
quota_error=6.1368907461640856e+19,cache_error=0.9662800129828906,quota_r2=-1.0350891261262262e+41
quota_error=6.13638837282375e+19,cache_error=0.9662800129828922,quota_r2=-1.0357547401174745e+41
quota_error=6.167885911215707e+19,cache_error=0.9662800129828922,quota_r2=-1.0720826620108095e+41
quota_error=7.900037355028765e+19,cache_error=0.9662800129828929,quota_r2=-1.7221079312866217e+41
quota_error=6.1340544379158045e+19,cache_error=0.9662800129828926,quota_r2=-1.0269849529264668e+41
quota_error=6.144332361642463e+19,cache_error=0.96628001298289,quota_r2=-1.0384089628176446e+41
quota_error=6.139862924766096e+19,cache_error=0.9662800129828923,quota_r2=-1.0437587963574847e+41
quota_error=6.0848282297029485e+19,cache_error=0.966280012982893,quota_r2=-1.0201750808861423e+41
quota_error=6.162148644462098e+19,cache_error=0.9662800129828923,quota_r2=-1.0504119791349222e+41
quota_error=6.136787073427518e+19,cache_error=0.9662800129828909,quota_r2=-1.0415318069174628e+41
quota_error=6.135651465156139e+19,cache_error=0.9662800129828927,quota_r2=-1.0593320488493452e+41
quota_error=7.843311547171565e+19,cache_error=0.9662800129828928,quota_r2=-1.6990498026564186e+41
quota_error=6.093028585695449e+19,cache_error=0.9662800129828909,quota_r2=-1.036819775114534e+41
quota_error=6.143489105103713e+19,cache_error=0.9662800129828923,quota_r2=-1.0344713118804322e+41
quota_error=6.081407410618069e+19,cache_error=0.9662800129828921,quota_r2=-1.0335353053872412e+41
quota_error=6.185007820775676e+19,cache_error=0.9662800129828936,quota_r2=-1.0599579897803539e+41
quota_error=6.177452803420972e+19,cache_error=0.9662800129828908,quota_r2=-1.0743822886592365e+41
quota_error=6.159379678163312e+19,cache_error=0.9662800129828921,quota_r2=-1.0466499301481491e+41
quota_error=6.156347959904514e+19,cache_error=0.9662800129828909,quota_r2=-1.0445540070801684e+41
quota_error=7.897229735503988e+19,cache_error=0.9662800129828929,quota_r2=-1.705060754295918e+41
quota_error=6.1432368753935835e+19,cache_error=0.9662800129828911,quota_r2=-1.0398503928586499e+41
quota_error=6.148743651507571e+19,cache_error=0.9662800129828929,quota_r2=-1.045548645672624e+41
quota_error=6.147344091089219e+19,cache_error=0.9662800129828913,quota_r2=-1.044981174120108e+41
quota_error=6.186113137047324e+19,cache_error=0.9662800129828913,quota_r2=-1.0879884479394311e+41
