[1m[33mwarning[0m: Cargo.toml: unused manifest key: encoding
[1m[33mwarning[0m: Cargo.toml: unused manifest key: precision
[1m[33mwarning[0m: Cargo.toml: unused manifest key: storage
[1m[33mwarning[0m: `recipe` (manifest) generated 3 warnings
[1m[92m    Blocking[0m waiting for file lock on package cache
[1m[92m    Blocking[0m waiting for file lock on package cache
[1m[92m    Blocking[0m waiting for file lock on package cache
[1m[92m   Compiling[0m recipe v0.1.0 (/home/nate/work/cx-fl-dense)
[1m[33mwarning[0m[1m: method `name` is never used[0m
     [1m[94m--> [0mrecipe.rs:13109:5
      [1m[94m|[0m
[1m[94m13104[0m [1m[94m|[0m impl ActivationStep {
      [1m[94m|[0m [1m[94m-------------------[0m [1m[94mmethod in this implementation[0m
[1m[94m...[0m
[1m[94m13109[0m [1m[94m|[0m     fn name(self) -> &'static str {
      [1m[94m|[0m        [1m[33m^^^^[0m
      [1m[94m|[0m
      [1m[94m= [0m[1mnote[0m: `#[warn(dead_code)]` (part of `#[warn(unused)]`) on by default

[1m[33mwarning[0m[1m: method `name` is never used[0m
     [1m[94m--> [0mrecipe.rs:15279:11
      [1m[94m|[0m
[1m[94m15278[0m [1m[94m|[0m impl BlockNormalization {
      [1m[94m|[0m [1m[94m-----------------------[0m [1m[94mmethod in this implementation[0m
[1m[94m15279[0m [1m[94m|[0m     const fn name(self) -> &'static str {
      [1m[94m|[0m              [1m[33m^^^^[0m

[1m[33mwarning[0m[1m: fields `blocks` and `tensors` are never read[0m
     [1m[94m--> [0mrecipe.rs:16079:2
      [1m[94m|[0m
[1m[94m16075[0m [1m[94m|[0m pub struct Bound {
      [1m[94m|[0m            [1m[94m-----[0m [1m[94mfields in this struct[0m
[1m[94m...[0m
[1m[94m16079[0m [1m[94m|[0m     blocks: usize,
      [1m[94m|[0m     [1m[33m^^^^^^[0m
[1m[94m16080[0m [1m[94m|[0m     tensors: usize,
      [1m[94m|[0m     [1m[33m^^^^^^^[0m

[1m[33mwarning[0m[1m: field `sequence` is never read[0m
     [1m[94m--> [0mrecipe.rs:19417:2
      [1m[94m|[0m
[1m[94m19405[0m [1m[94m|[0m struct ExpertExecution {
      [1m[94m|[0m        [1m[94m---------------[0m [1m[94mfield in this struct[0m
[1m[94m...[0m
[1m[94m19417[0m [1m[94m|[0m     sequence: usize,
      [1m[94m|[0m     [1m[33m^^^^^^^^[0m

[1m[33mwarning[0m[1m: field `spill` is never read[0m
     [1m[94m--> [0mrecipe.rs:19780:2
      [1m[94m|[0m
[1m[94m19777[0m [1m[94m|[0m pub struct ExpertSplitWeights {
      [1m[94m|[0m            [1m[94m------------------[0m [1m[94mfield in this struct[0m
[1m[94m...[0m
[1m[94m19780[0m [1m[94m|[0m     spill: Option<ExpertPinned>,
      [1m[94m|[0m     [1m[33m^^^^^[0m

[1m[33mwarning[0m[1m: function `contains_moe` is never used[0m
     [1m[94m--> [0mrecipe.rs:22288:4
      [1m[94m|[0m
[1m[94m22288[0m [1m[94m|[0m fn contains_moe(block: &Block) -> bool {
      [1m[94m|[0m    [1m[33m^^^^^^^^^^^^[0m

[1m[33mwarning[0m: `recipe` (lib) generated 6 warnings
[1m[92m    Finished[0m `release` profile [optimized] target(s) in 1m 31s
