[1m[33mwarning[0m: Cargo.toml: unused manifest key: encoding
[1m[33mwarning[0m: Cargo.toml: unused manifest key: precision
[1m[33mwarning[0m: Cargo.toml: unused manifest key: storage
[1m[33mwarning[0m: `recipe` (manifest) generated 3 warnings
[1m[92m   Compiling[0m recipe v0.1.0 (/home/nate/work/cx-fl-dense-batching)
[1m[33mwarning[0m[1m: method `name` is never used[0m
     [1m[94m--> [0mrecipe.rs:13229:5
      [1m[94m|[0m
[1m[94m13224[0m [1m[94m|[0m impl ActivationStep {
      [1m[94m|[0m [1m[94m-------------------[0m [1m[94mmethod in this implementation[0m
[1m[94m...[0m
[1m[94m13229[0m [1m[94m|[0m     fn name(self) -> &'static str {
      [1m[94m|[0m        [1m[33m^^^^[0m
      [1m[94m|[0m
      [1m[94m= [0m[1mnote[0m: `#[warn(dead_code)]` (part of `#[warn(unused)]`) on by default

[1m[33mwarning[0m[1m: method `name` is never used[0m
     [1m[94m--> [0mrecipe.rs:15399:11
      [1m[94m|[0m
[1m[94m15398[0m [1m[94m|[0m impl BlockNormalization {
      [1m[94m|[0m [1m[94m-----------------------[0m [1m[94mmethod in this implementation[0m
[1m[94m15399[0m [1m[94m|[0m     const fn name(self) -> &'static str {
      [1m[94m|[0m              [1m[33m^^^^[0m

[1m[33mwarning[0m[1m: fields `blocks` and `tensors` are never read[0m
     [1m[94m--> [0mrecipe.rs:16199:2
      [1m[94m|[0m
[1m[94m16195[0m [1m[94m|[0m pub struct Bound {
      [1m[94m|[0m            [1m[94m-----[0m [1m[94mfields in this struct[0m
[1m[94m...[0m
[1m[94m16199[0m [1m[94m|[0m     blocks: usize,
      [1m[94m|[0m     [1m[33m^^^^^^[0m
[1m[94m16200[0m [1m[94m|[0m     tensors: usize,
      [1m[94m|[0m     [1m[33m^^^^^^^[0m

[1m[33mwarning[0m[1m: field `sequence` is never read[0m
     [1m[94m--> [0mrecipe.rs:19579:2
      [1m[94m|[0m
[1m[94m19566[0m [1m[94m|[0m struct ExpertExecution {
      [1m[94m|[0m        [1m[94m---------------[0m [1m[94mfield in this struct[0m
[1m[94m...[0m
[1m[94m19579[0m [1m[94m|[0m     sequence: usize,
      [1m[94m|[0m     [1m[33m^^^^^^^^[0m

[1m[33mwarning[0m[1m: function `contains_moe` is never used[0m
     [1m[94m--> [0mrecipe.rs:22552:4
      [1m[94m|[0m
[1m[94m22552[0m [1m[94m|[0m fn contains_moe(block: &Block) -> bool {
      [1m[94m|[0m    [1m[33m^^^^^^^^^^^^[0m

[1m[33mwarning[0m: `recipe` (lib) generated 5 warnings
[1m[92m    Finished[0m `release` profile [optimized] target(s) in 1m 37s
